Archive member included to satisfy reference by file (symbol)

../../Compiler/COMMON/SGL_302j/LIB_ELF/SEGA_SYS.A(sys_exit.o)
                              ../../jo_engine/core.o (SYS_Exit)
../../Compiler/COMMON/SGL_302j/LIB_ELF/SEGA_SYS.A(sys_sub.o)
                              ../../Compiler/COMMON/SGL_302j/LIB_ELF/SEGA_SYS.A(sys_exit.o) (SYSUB_SetStackptr)
../../Compiler/COMMON/SGL_302j/LIB_ELF/LIBCD.A(CDC_CMN.O)
                              ../../Compiler/COMMON/SGL_302j/LIB_ELF/SEGA_SYS.A(sys_exit.o) (CDC_GetCurStat)
../../Compiler/COMMON/SGL_302j/LIB_ELF/LIBCD.A(CDC_DRV.O)
                              ../../jo_engine/audio.o (CDC_CdPlay)
../../Compiler/COMMON/SGL_302j/LIB_ELF/LIBCD.A(CDC_CFS.O)
                              ../../Compiler/COMMON/SGL_302j/LIB_ELF/SEGA_SYS.A(sys_exit.o) (CDC_ChgDir)
../../Compiler/COMMON/SGL_302j/LIB_ELF/LIBCD.A(CDC_REG.O)
                              ../../Compiler/COMMON/SGL_302j/LIB_ELF/SEGA_SYS.A(sys_exit.o) (CDC_GetHirqReq)
../../Compiler/COMMON/SGL_302j/LIB_ELF/LIBCD.A(CDC_SUB.O)
                              ../../Compiler/COMMON/SGL_302j/LIB_ELF/LIBCD.A(CDC_CMN.O) (CDSUB_UpdStatus)
../../Compiler/COMMON/SGL_302j/LIB_ELF/LIBCD.A(GFS.O)
                              ../../jo_engine/fs.o (GFS_Init)
../../Compiler/COMMON/SGL_302j/LIB_ELF/LIBCD.A(GFS_BUF.O)
                              ../../Compiler/COMMON/SGL_302j/LIB_ELF/LIBCD.A(GFS.O) (GFBF_GetNumData)
../../Compiler/COMMON/SGL_302j/LIB_ELF/LIBCD.A(GFS_CDB.O)
                              ../../Compiler/COMMON/SGL_302j/LIB_ELF/LIBCD.A(GFS.O) (GFCB_Close)
../../Compiler/COMMON/SGL_302j/LIB_ELF/LIBCD.A(GFS_CDC.O)
                              ../../Compiler/COMMON/SGL_302j/LIB_ELF/LIBCD.A(GFS.O) (GFCD_SetCdbfs)
../../Compiler/COMMON/SGL_302j/LIB_ELF/LIBCD.A(GFS_CDF.O)
                              ../../Compiler/COMMON/SGL_302j/LIB_ELF/LIBCD.A(GFS.O) (GFCF_Init)
../../Compiler/COMMON/SGL_302j/LIB_ELF/LIBCD.A(GFS_DIR.O)
                              ../../Compiler/COMMON/SGL_302j/LIB_ELF/LIBCD.A(GFS.O) (GFDR_SetupDirTbl)
../../Compiler/COMMON/SGL_302j/LIB_ELF/LIBCD.A(GFS_TRN.O)
                              ../../Compiler/COMMON/SGL_302j/LIB_ELF/LIBCD.A(GFS.O) (GFTR_Setup)
../../Compiler/COMMON/SGL_302j/LIB_ELF/LIBCD.A(CDC_DEV.O)
                              ../../Compiler/COMMON/SGL_302j/LIB_ELF/LIBCD.A(GFS_CDC.O) (CDC_CdSetCon)
../../Compiler/COMMON/SGL_302j/LIB_ELF/LIBCD.A(CDC_SEL.O)
                              ../../Compiler/COMMON/SGL_302j/LIB_ELF/LIBCD.A(GFS_CDC.O) (CDC_SetFiltRange)
../../Compiler/COMMON/SGL_302j/LIB_ELF/LIBCD.A(CDC_BIF.O)
                              ../../Compiler/COMMON/SGL_302j/LIB_ELF/LIBCD.A(GFS_CDC.O) (CDC_GetBufSiz)
../../Compiler/COMMON/SGL_302j/LIB_ELF/LIBCD.A(CDC_BIO.O)
                              ../../Compiler/COMMON/SGL_302j/LIB_ELF/LIBCD.A(GFS_CDC.O) (CDC_SetSctLen)
../../Compiler/COMMON/SGL_302j/LIB_ELF/LIBSGL.A(sglA15.o)
                              ../../jo_engine/slave.o (slSlaveFunc)
../../Compiler/COMMON/SGL_302j/LIB_ELF/LIBSGL.A(sglA16.o)
                              main.o (slLookAt)
../../Compiler/COMMON/SGL_302j/LIB_ELF/LIBSGL.A(sglA17.o)
                              main.o (slRotZ)
../../Compiler/COMMON/SGL_302j/LIB_ELF/LIBSGL.A(sglA18.o)
                              main.o (slRotY)
../../Compiler/COMMON/SGL_302j/LIB_ELF/LIBSGL.A(sglA19.o)
                              main.o (slRotX)
../../Compiler/COMMON/SGL_302j/LIB_ELF/LIBSGL.A(sglA20.o)
                              main.o (slUnitMatrix)
../../Compiler/COMMON/SGL_302j/LIB_ELF/LIBSGL.A(sglA21.o)
                              main.o (slPushMatrix)
../../Compiler/COMMON/SGL_302j/LIB_ELF/LIBSGL.A(sglA27.o)
                              main.o (slTranslate)
../../Compiler/COMMON/SGL_302j/LIB_ELF/LIBSGL.A(sglA28.o)
                              main.o (slScale)
../../Compiler/COMMON/SGL_302j/LIB_ELF/LIBSGL.A(sglA40.o)
                              main.o (slCalcVector)
../../Compiler/COMMON/SGL_302j/LIB_ELF/LIBSGL.A(sglB001.o)
                              main.o (slTVOn)
../../Compiler/COMMON/SGL_302j/LIB_ELF/LIBSGL.A(sglB011.o)
                              ../../jo_engine/vdp2.o (slBitMapNbg1)
../../Compiler/COMMON/SGL_302j/LIB_ELF/LIBSGL.A(sglB014.o)
                              ../../jo_engine/vdp2.o (slScrTransparent)
../../Compiler/COMMON/SGL_302j/LIB_ELF/LIBSGL.A(sglB015.o)
                              ../../jo_engine/vdp2.o (slScrAutoDisp)
../../Compiler/COMMON/SGL_302j/LIB_ELF/LIBSGL.A(sglB016.o)
                              ../../jo_engine/vdp2.o (slBack1ColSet)
../../Compiler/COMMON/SGL_302j/LIB_ELF/LIBSGL.A(sglB020.o)
                              ../../jo_engine/vdp2.o (slColorCalc)
../../Compiler/COMMON/SGL_302j/LIB_ELF/LIBSGL.A(sglB021.o)
                              ../../jo_engine/vdp2.o (slColorCalcOn)
../../Compiler/COMMON/SGL_302j/LIB_ELF/LIBSGL.A(sglB023.o)
[...]
Memory Configuration

Name             Origin             Length             Attributes
*default*        0x00000000         0xffffffff

Linker script and memory map


SLSTART         0x06004000       0x30
                0x06004000                ___Start = .
 *(SLSTART)
 SLSTART        0x06004000       0x28 ../../Compiler/COMMON/SGL_302j/LIB_ELF/LIBSGL.A(sglI00.o)
                0x06004000                SGL_Start
                0x06004002                slStartSGL

.text           0x06004040    0x1b5e0
 *(.text)
 .text          0x06004040        0x0 ../../Compiler/COMMON/SGL_302j/LIB_ELF/SGLAREA.O
 .text          0x06004040     0xb318 main.o
                0x06004040                my_vblank
                0x0600405c                my_tga_palette_handling
                0x06004124                ztClearText
                0x06004170                replace_texture
                0x060041bc                ham_colour
                0x06004248                stop_sounds
                0x06004304                effect
                0x06004358                change_player_type
                0x060044f0                roundUp
                0x06004508                animate_texture
                0x06004558                apply_player_gravity
                0x060045f8                reset_demo
                0x06004730                Lerp
                0x06004774                player_jump
                0x060047e8                player_flap
                0x06005038                player_bounce
                0x06005068                player_bounceback
                0x06005098                pup_timer_counter
                0x060050e8                player_hurt
                0x0600512c                has_map_collision
                0x060052cc                has_horizontal_collision
                0x06005360                has_vertical_collision
                0x06005518                has_shadow_collision
                0x060055b8                has_ceiling_collision
                0x06005668                has_object_collision
                0x06005798                player_collision_handling
                0x06006bf0                create_enemy
                0x06006ccc                create_powerup
                0x06006cf8                create_player
                0x06006d68                create_map_section
                0x06006da4                computeLight
                0x06006e38                animate_player
                0x06007364                animate_enemies
                0x06007b20                draw_enemies
                0x06008ec4                draw_powerups
                0x06009020                draw_player
                0x0600b1f4                map_builder_draw_section
                0x0600b354                map_builder_draw_enemy
                0x0600ba10                map_builder_draw_powerup
                0x0600bb70                draw_map
                0x0600bd7c                draw_hud
                0x0600c200                my_draw
                0x0600c21c                transition_to_level_select
                0x0600c440                clear_level
                0x0600caa8                end_level
                0x0600cac4                object_viewer
                0x0600cfe0                map_builder
                0x0600dd10                pause_game
                0x0600dd2c                move_camera
                0x0600dfb8                title_screen
                0x0600dfd4                init_display
                0x0600e0dc                my_gamepad
                0x0600e0f8                load_background
                0x0600e138                draw_3d_planes
                0x0600e3b8                init_3d_planes
                0x0600e4d4                load_hud
                0x0600e51c                set_palette
                0x0600e538                load_binary
                0x0600ed60                load_textures
                0x0600edac                load_level
                0x0600ef28                extra_select
                0x0600eff8                level_select
                0x0600f014                gameLoop
                0x0600f0f8                load_player_and_enemies
                0x0600f154                load_sound
                0x0600f208                load_nbg2_font
                0x0600f25c                jo_main
 .text          0x0600f358      0x964 ../../jo_engine/tga.o
                0x0600f5d4                jo_set_tga_palette_handling
                0x0600f5e0                __jo_tga_load
                0x0600f6c0                __jo_tga_any_loader_from_stream
                0x0600f708                jo_tga_8bits_loader_from_stream
                0x0600f720                jo_tga_loader_from_stream
                0x0600f738                __jo_tga_any_loader
                0x0600f788                jo_tga_8bits_loader
                0x0600f7a4                jo_tga_loader
                0x0600f7c0                jo_tga_8bits_tileset_loader
                0x0600f9ac                jo_sprite_add_tga_tileset
                0x0600fbcc                jo_sprite_add_tga_from_stream
                0x0600fc28                jo_sprite_add_tga
 .text          0x0600fcbc      0x320 ../../jo_engine/audio.o
                0x0600fd30                jo_audio_play_cd_track
                0x0600fd70                jo_audio_set_volume
                0x0600fd7c                jo_audio_stop_cd
                0x0600fd98                jo_audio_init
                0x0600fde8                jo_audio_play_sound_on_channel
                0x0600fe5c                jo_audio_play_sound
                0x0600fec8                jo_audio_usage_percent
                0x0600ff2c                jo_audio_free_pcm
                0x0600ff38                jo_audio_stop_sound
                0x0600ff84                jo_audio_load_pcm_async
                0x0600ff98                jo_audio_load_pcm
 .text          0x0600ffdc      0x704 ../../jo_engine/3d.o
                0x06010044                jo_3d_init
                0x0601006c                jo_3d_create_triangle
                0x060100a8                jo_3d_create_plane
                0x060100e8                jo_3d_create_mesh_from_vertices_and_normals
                0x060101fc                jo_3d_free_mesh
                0x06010220                jo_3d_create_cube
                0x0601027c                jo_3d_set_mesh_polygon_transparency
                0x060102a0                jo_3d_set_mesh_transparency
                0x060102f0                jo_3d_set_mesh_polygon_screen_doors
                0x0601031c                jo_3d_set_mesh_screen_doors
                0x06010374                jo_3d_set_mesh_polygon_light
                0x06010398                jo_3d_set_mesh_light
                0x060103e8                jo_3d_set_mesh_polygon_texture
                0x0601046c                jo_3d_set_mesh_texture
                0x060104ac                jo_3d_set_mesh_polygon_wireframe
                0x060104d0                jo_3d_set_mesh_polygon_color_ex
                0x0601053c                jo_3d_set_mesh_color
                0x060105e0                jo_3d_free_sprite_quad
                0x0601060c                jo_3d_create_sprite_quad
 .text          0x060106e0      0x658 ../../jo_engine/fs.o
                0x06010748                jo_fs_init
                0x06010790                jo_fs_do_background_jobs
                0x0601084c                jo_fs_read_file_async_ptr
                0x06010950                jo_fs_cd
                0x06010990                jo_fs_read_file_ptr
                0x06010a90                jo_fs_read_file_in_dir
                0x06010adc                jo_fs_open
                0x06010b5c                jo_fs_seek_forward
                0x06010c3c                jo_fs_read_next_bytes
                0x06010d08                jo_fs_close
                0x06010d28                jo_fs_set_read_sector_count
 .text          0x06010d38       0xf8 ../../jo_engine/slave.o
                0x06010db8                jo_core_add_slave_callback
                0x06010dd4                jo_core_remove_slave_callback
                0x06010de8                jo_core_slave_init
                0x06010df8                jo_core_wait_for_slave
                0x06010e1c                jo_core_exec_on_slave
 .text          0x06010e30      0x440 ../../jo_engine/font.o
                0x06010e98                jo_font_load
                0x06011070                jo_font_print
                0x06011158                jo_font_print_centered
 .text          0x06011270      0x164 ../../jo_engine/input.o
                0x060112d8                jo_get_inputs_vblank
                0x06011320                jo_get_input_type
                0x06011368                jo_get_input_count
                0x0601138c                jo_get_input_axis
 .text          0x060113d4        0x0 ../../jo_engine/physics.o
 .text          0x060113d4      0x544 ../../jo_engine/core.o
                0x06011484                __jo_core_set_screens_order
                0x060115bc                jo_core_init
                0x0601178c                jo_core_add_vblank_callback
                0x060117d8                jo_core_remove_vblank_callback
                0x06011808                jo_core_add_callback
                0x06011824                jo_core_remove_callback
                0x06011838                jo_goto_boot_menu
                0x06011844                jo_core_set_restart_game_callback
                0x06011850                jo_core_run
 .text          0x06011918      0xc6c ../../jo_engine/math.o
                0x06011980                jo_fixed_mult
                0x06011994                jo_fixed_dot
                0x060119ac                jo_fixed_pow
                0x060119e4                jo_fixed_div
                0x06011a0c                jo_fixed_sin
                0x06011b10                jo_fixed_cos
                0x06011c88                jo_gcd
                0x06011ca4                jo_atan2f_rad
                0x06011e68                jo_planar_rotate
                0x06011fc4                jo_random
                0x06012034                jo_vector_fixed_compute_bezier_point
                0x060121c4                jo_vectorf_compute_bezier_point
                0x06012314                jo_fixed_sqrt
                0x060123c4                jo_sqrt
                0x06012404                jo_fixed_rsqrt
                0x06012514                jo_rsqrt
 .text          0x06012584      0x224 ../../jo_engine/malloc.o
                0x060125ec                jo_add_memory_zone
                0x0601262c                jo_malloc_with_behaviour
                0x0601270c                jo_reduce_memory_fragmentation
                0x06012780                jo_free
 .text          0x060127a8      0x30c ../../jo_engine/tools.o
                0x06012810                jo_getdate
                0x06012878                jo_get_current_language
                0x0601289c                jo_tools_atoi
                0x060128e8                jo_strlen
                0x06012908                jo_endwith
                0x0601296c                jo_strcmp
                0x0601299c                jo_memset
                0x06012a40                jo_map_to_vram
 .text          0x06012ab4       0xb4 ../../jo_engine/palette.o
                0x06012b1c                jo_create_palette
                0x06012b40                jo_set_palette_register
                0x06012b54                jo_get_palette_register
 .text          0x06012b68      0x834 ../../jo_engine/sprites.o
                0x06012cd0                jo_sprite_usage_percent
                0x06012d5c                jo_get_last_sprite_id
                0x06012d68                jo_sprite_init
                0x06012d8c                jo_sprite_name2id
                0x06012dd0                jo_sprite_replace
                0x06012e64                jo_sprite_add
                0x06012e78                jo_sprite_add_8bits_image
                0x06012e8c                jo_sprite_free_from
                0x06012f34                jo_set_gouraud_shading_colors
                0x06012f5c                jo_set_gouraud_shading_brightness
                0x06012f9c                jo_sprite_draw_4p_fixed
                0x060130b4                jo_sprite_draw
                0x060131fc                jo_sprite_draw_rotate
                0x06013368                jo_sprite_set_clipping_area
 .text          0x0601339c      0xaac ../../jo_engine/map.o
                0x060134cc                jo_map_per_pixel_vertical_collision
                0x06013660                jo_map_hitbox_detection_custom_boundaries
                0x060136d0                jo_map_create
                0x06013720                jo_map_add_tile
                0x06013744                jo_map_add_animated_tile
                0x06013768                jo_map_draw_background
                0x06013800                jo_map_3d_draw
                0x0601393c                jo_map_draw
                0x06013a38                jo_map_free
                0x06013a50                jo_map_load_from_file
                0x06013dc8                jo_map_move_tiles_by_attribute
 .text          0x06013e48      0x194 ../../jo_engine/list.o
                0x06013eb0                jo_list_init
                0x06013ec0                jo_list_add
                0x06013f04                jo_list_insert_at
                0x06013f7c                jo_list_remove
 .text          0x06013fdc      0x230 ../../jo_engine/sprite_animator.o
                0x060140f0                jo_replace_sprite_anim
                0x06014158                jo_create_sprite_anim
                0x060141e4                jo_clear_all_sprite_anim
 .text          0x0601420c      0x590 ../../jo_engine/image.o
                0x06014274                __jo_bin_load
                0x060142c4                jo_free_img
                0x060142e0                jo_bin_loader_from_stream
                0x06014388                jo_bin_loader
                0x0601440c                jo_replace_color
                0x06014448                jo_sprite_add_bin_tileset
                0x060145a8                jo_sprite_add_bin
                0x06014618                jo_sprite_add_bin_from_stream
                0x06014658                jo_sprite_add_image_pack
 .text          0x0601479c     0x10c4 ../../jo_engine/vdp2.o
                0x06014880                jo_set_default_background_color
                0x060148c0                __jo_init_vdp2
                0x0601491c                jo_img_to_vdp2_cells
                0x060149c8                jo_vdp2_replace_rbg0_plane_a_8bits_image
                0x060149dc                jo_vdp2_replace_rbg0_plane_b_8bits_image
                0x060149f0                jo_vdp2_set_rbg0_plane_a_8bits_image
                0x06014abc                jo_vdp2_set_rbg0_plane_b_8bits_image
                0x06014b88                jo_vdp2_enable_rbg0
                0x06014c5c                jo_vdp2_disable_rbg0
                0x06014c74                jo_vdp2_set_nbg0_8bits_image
                0x06014d84                jo_vdp2_disable_nbg0_line_scroll
                0x06014da8                jo_vdp2_compute_nbg0_line_scroll
                0x06014dc0                jo_vdp2_enable_nbg0_line_scroll
                0x06014e30                jo_vdp2_draw_bitmap_nbg1_line
                0x06014efc                jo_vdp2_clear_bitmap_nbg1
                0x06014f60                jo_vdp2_set_nbg1_8bits_image
                0x0601504c                jo_vdp2_set_nbg1_image
                0x060151b4                jo_vdp2_disable_nbg1_line_scroll
                0x060151d8                jo_vdp2_compute_nbg1_line_scroll
                0x060151f0                jo_vdp2_enable_nbg1_line_scroll
                0x06015260                jo_nbg2_clear
                0x06015290                __jo_set_nbg2_8bits_image
                0x06015334                jo_nbg2_print
                0x060153b8                jo_vdp2_set_nbg2_8bits_font
                0x06015440                jo_vdp2_set_nbg2_8bits_image
                0x060154ac                jo_nbg3_clear
                0x060154dc                __jo_set_nbg3_8bits_image
                0x06015580                jo_nbg3_print
                0x06015604                jo_vdp2_set_nbg3_8bits_font
                0x0601568c                jo_vdp2_set_nbg3_8bits_image
                0x060156f8                jo_set_displayed_screens
                0x06015708                jo_disable_all_screens_transparency
                0x0601572c                jo_enable_screen_transparency
 .text          0x06015860      0x280 ../../jo_engine/time.o
                0x060158c8                jo_time_init
                0x060158f4                jo_get_ticks
                0x060159d4                jo_fixed_point_time
 .text          0x06015ae0       0x68 ../../jo_engine/vdp1_command_pipeline.o
 .text          0x06015b48      0x2e8 ../../jo_engine/vdp2_malloc.o
                0x06015bb0                jo_vdp2_malloc_init
                0x06015be8                jo_vdp2_free
                0x06015ca8                jo_vdp2_malloc
 .text          0x06015e30      0x238 ../../Compiler/COMMON/SGL_302j/LIB_ELF/SEGA_SYS.A(sys_exit.o)
                0x06015e30                sys_version
                0x06015e50                SYS_Exit
 *fill*         0x06016068        0x8 
 .text          0x06016070        0x6 ../../Compiler/COMMON/SGL_302j/LIB_ELF/SEGA_SYS.A(sys_sub.o)
                0x06016070                SYSUB_SetStackptr
 *fill*         0x06016076        0xa 
 .text          0x06016080      0x3a0 ../../Compiler/COMMON/SGL_302j/LIB_ELF/LIBCD.A(CDC_CMN.O)
                0x06016080                CDC_GetCurStat
                0x060160d0                CDC_GetLastStat
                0x060160e8                CDC_GetPeriStat
                0x060161bc                CDC_GetHwInfo
                0x06016224                CDC_TgetToc
                0x06016274                CDC_GetSes
                0x060162b0                CDC_CdInit
                0x06016334                CDC_CdOpen
                0x0601635c                CDC_DataReady
                0x060163c8                CDC_DataEnd
 .text          0x06016420      0x130 ../../Compiler/COMMON/SGL_302j/LIB_ELF/LIBCD.A(CDC_DRV.O)
                0x06016420                CDC_CdPlay
                0x060164ec                CDC_CdSeek
                0x06016520                CDC_CdScan
 .text          0x06016550      0x194 ../../Compiler/COMMON/SGL_302j/LIB_ELF/LIBCD.A(CDC_CFS.O)
                0x06016550                CDC_ChgDir
                0x06016584                CDC_ReadDir
                0x060165b8                CDC_GetFileScope
                0x06016618                CDC_TgetFileInfo
                0x06016674                CDC_ReadFile
                0x060166a8                CDC_AbortFile
 *fill*         0x060166e4        0xc 
 .text          0x060166f0      0x2dc ../../Compiler/COMMON/SGL_302j/LIB_ELF/LIBCD.A(CDC_REG.O)
                0x060166f0                CDC_GetDataPtr
                0x06016700                CDC_GetHirqReq
                0x06016714                CDC_ClrHirqReq
                0x06016744                CDREG_ClrHirqReq
                0x06016754                CDREG_InitHirqReq
                0x0601677c                CDREG_SetHirqFlag
                0x06016790                CDC_GetHirqMsk
                0x060167a4                CDC_SetHirqMsk
                0x060167b4                CDC_GetMpegPtr
                0x060167c4                CDREG_TgetData
                0x06016820                CDREG_CmdRsp
                0x06016920                CDREG_WaitHirq
                0x06016990                CDREG_ReadRsp
 *fill*         0x060169cc        0x4 
 .text          0x060169d0      0x152 ../../Compiler/COMMON/SGL_302j/LIB_ELF/LIBCD.A(CDC_SUB.O)
                0x060169d0                CDSUB_UpdStatus
                0x060169e8                CDSUB_UpdCdstat
                0x06016a08                CDSUB_CdCmd
                0x06016a78                CDSUB_GetCdstat
                0x06016ab8                CDSUB_RspToCdstat
                0x06016b00                CDSUB_SoftTimer
 *fill*         0x06016b22        0xe 
 .text          0x06016b30     0x1adc ../../Compiler/COMMON/SGL_302j/LIB_ELF/LIBCD.A(GFS.O)
                0x06016b30                gfs_version
                0x06016b50                GFS_Init
                0x06016c38                GFS_LoadDir
                0x06016ce0                GFS_SetDir
                0x06016d48                GFS_NameToId
                0x06016dac                GFS_IdToName
                0x06016e18                GFS_GetDirInfo
                0x06016e88                GFS_Reset
                0x06016f0c                GFS_Open
                0x06016fc0                GFS_Close
                0x06016ff8                GFS_Seek
                0x060170ac                GFS_Tell
                0x060170fc                GFS_IsEof
                0x06017150                GFS_ByteToSct
                0x060171ac                GFS_GetFileSize
                0x06017208                GFS_GetFileInfo
                0x0601727c                GFS_GetNumCdbuf
                0x060172a4                GFS_Load
                0x06017368                GFS_Fread
                0x06017404                gfs_waitRead
                0x060174ac                GFS_NwFread
                0x060175b8                GFS_NwCdRead
                0x06017630                GFS_NwIsComplete
                0x06017668                GFS_NwStop
                0x060176d4                GFS_NwGetStat
                0x06017750                gfs_recovRdErr
                0x06017780                GFS_NwExecOne
                0x06017840                GFS_NwExecServer
                0x060178bc                GFS_SetGmode
                0x06017920                GFS_SetTmode
                0x0601798c                GFS_SetReadPara
                0x060179f0                GFS_SetTransPara
                0x06017a5c                GFS_SetTrFunc
                0x06017ac0                GFS_StartTrans
                0x06017b0c                GFS_CdMovePickup
                0x06017b78                GFS_SetErrFunc
                0x06017ba4                GFS_GetErrStat
                0x06017bc8                GFS_ConvTno
                0x06017bf0                gfs_chgRoot
                0x06017cbc                gfs_aborttrans
                0x06017cc8                gfs_mngSetupFuncTbl
                0x06017cfc                gfs_mngInitWork
                0x06017da0                gfs_mngGetNumFile
                0x06017e08                GFS_mngAllocGrp
                0x06017e50                gfs_mngFreeGrp
                0x06017e5c                gfs_mngTermAccess
                0x06017ee0                gfs_mngSetErrCode
                0x06017f60                gfs_svrSearchHndl
                0x06017fa0                gfs_svrAddHndl
                0x06017fdc                gfs_svrRemoveHndl
                0x06018038                GFS_OpenSub
                0x06018090                gfs_loadVol
                0x06018154                gfs_getRootDir
                0x06018250                gfs_loadRootDir
                0x060182d8                gfs_flowIn
                0x06018380                gfs_transData
                0x06018424                GFS_GetFad
                0x0601847c                gfs_SetSct
                0x060184bc                gfs_GetFinfo
                0x060184fc                gfs_closeSub
                0x06018538                gfs_getGmode
                0x06018544                gfs_isTaskDone
                0x06018598                gfs_convFinStat
 *fill*         0x0601860c        0x4 
 .text          0x06018610      0x106 ../../Compiler/COMMON/SGL_302j/LIB_ELF/LIBCD.A(GFS_BUF.O)
                0x06018640                GFBF_GetTranData
                0x06018668                GFBF_GetNumData
                0x06018698                GFBF_GetSrcPk
                0x060186c0                GFBF_GetSctData
                0x060186e4                GFBF_RtnPk
                0x0601870c                gfbf_getSctDt
 *fill*         0x06018716        0xa 
 .text          0x06018720      0x600 ../../Compiler/COMMON/SGL_302j/LIB_ELF/LIBCD.A(GFS_CDB.O)
                0x06018720                GFCB_Setup
                0x06018840                GFCB_Close
                0x06018868                GFCB_GetLenData
                0x06018914                GFCB_GetLenRoom
                0x06018920                GFCB_SetFilt
                0x06018988                GFCB_DeleteAllData
                0x060189b0                GFCB_Tell
                0x060189c0                gfcb_getSctNum
                0x06018a10                GFCB_Seek
                0x06018b0c                GFCB_GetSrcPack
                0x06018bec                GFCB_GetSctData
                0x06018c24                GFCB_GetDstPack
                0x06018c30                GFCB_RtnPk
                0x06018c78                GFCB_MovePickup
                0x06018c94                GFCB_SetCon
                0x06018cc8                GFCB_GetPickup
                0x06018cf0                GFCB_IsPuOwner
                0x06018d08                GFCB_UngetPickup
 .text          0x06018d20     0x1a10 ../../Compiler/COMMON/SGL_302j/LIB_ELF/LIBCD.A(GFS_CDC.O)
                0x06018d20                GFCD_SetCdbfs
                0x06018d4c                GFCD_Init
                0x06018f50                GFCD_AllocFilt
                0x06018f8c                GFCD_FreeFilt
                0x06018fbc                GFCD_AllocBuf
                0x06018ff0                GFCD_FreeBuf
                0x06019094                GFCD_GetBaseFad
                0x060190c8                GFCD_GetPickup
                0x060190fc                GFCD_UngetPickup
                0x06019128                GFCD_IsPuOwner
                0x0601914c                GFCD_SetFilt
                0x06019210                GFCD_GetFilt
                0x06019258                GFCD_SetCon
                0x060192b0                GFCD_Play
                0x06019310                GFCD_GetLenData
                0x06019378                GFCD_ReqData
                0x060193d4                GFCD_EndData
                0x0601941c                GFCD_DelSctData
                0x06019474                GFCD_CheckDelSctData
                0x060194a4                GFCD_GetStat
                0x06019558                GFCD_MovePickup
                0x060195a4                GFCD_MoveSctData
                0x06019618                GFCD_CheckMove
                0x0601963c                GFCD_GetSctInfo
                0x06019684                GFCD_ChgDir
                0x060196f8                GFCD_SetFiltCon
                0x060197e0                GFCD_GetFileInfo
                0x060198bc                GFCD_GetBufSiz
                0x060198f4                GFCD_ExecServer
                0x060199c8                gfcd_isIdleTask
                0x06019a54                gfcd_doTask
                0x06019b00                GFCD_SetTimer
                0x06019b14                GFCD_WaitServer
                0x06019b50                gfcd_doSetFiltTsk
                0x06019d14                gfcd_doSetConTsk
                0x06019da4                gfcd_doGetLenDataTsk
                0x06019ef8                gfcd_doReqDataTsk
                0x06019f98                gfcd_doDelSctDataTsk
                0x0601a0cc                gfcd_doMoveSctTsk
                0x0601a230                gfcd_doChgDirTsk
                0x0601a42c                gfcd_doSetFiltConTsk
                0x0601a570                gfcd_checkEflag
                0x0601a594                gfcd_initCdbMng
                0x0601a614                gfcd_setStat
                0x0601a640                GFCD_SetCsctFunc
                0x0601a65c                GFCD_ChkScdqFlag
                0x0601a680                GFCD_ClrScdqFlag
                0x0601a69c                GFCD_WaitScdqFlag
                0x0601a6e0                GFCD_WaitPause
 .text          0x0601a730      0x8d8 ../../Compiler/COMMON/SGL_302j/LIB_ELF/LIBCD.A(GFS_CDF.O)
                0x0601a730                GFCF_Init
                0x0601a7d0                GFCF_Setup
                0x0601a918                GFCF_SetSct
                0x0601a95c                GFCF_GetFileInfo
                0x0601a9d0                GFCF_FlowInBuf
                0x0601ab24                GFCF_StopInBuf
                0x0601abc4                GFCF_Recover
                0x0601ac0c                GFCF_Tell
                0x0601ac24                GFCF_Seek
                0x0601ac3c                GFCF_MovePickup
                0x0601acd8                GFCF_cnvIntlvOfs
                0x0601ad2c                GFCF_GetStat
                0x0601adc4                gfcf_getSctSize
                0x0601ae00                gfcf_isCdOk
                0x0601aec0                gfcf_getPlayRange
 *fill*         0x0601b008        0x8 
 .text          0x0601b010      0x92c ../../Compiler/COMMON/SGL_302j/LIB_ELF/LIBCD.A(GFS_DIR.O)
                0x0601b010                GFDR_SetupDirTbl
                0x0601b084                GFDR_NameToId
                0x0601b0e4                GFDR_GetInfoDirId
                0x0601b0f8                GFDR_GetInfoDirName
                0x0601b10c                GFDR_GetAtrDirId
                0x0601b124                GFDR_GetAtrDirName
                0x0601b13c                GFDR_ChgRoot
                0x0601b154                GFDR_ChgDir
                0x0601b1c8                gfdr_setupDirIdTbl
                0x0601b24c                gfdr_setupDirNameTbl
                0x0601b2f8                gfdr_open
                0x0601b320                gfdr_read
                0x0601b3e0                gfdr_readByte
                0x0601b40c                gfdr_readWord
                0x0601b438                gfdr_readWordNB
                0x0601b48c                gfdr_readLongNB
                0x0601b4d8                gfdr_readLongNM
                0x0601b500                gfdr_setNextRec
                0x0601b584                gfdr_readDirEnt
                0x0601b900                gfdr_setDirrecCd
 *fill*         0x0601b93c        0x4 
 .text          0x0601b940      0x9c6 ../../Compiler/COMMON/SGL_302j/LIB_ELF/LIBCD.A(GFS_TRN.O)
                0x0601b970                GFTR_Setup
                0x0601b9b4                GFTR_SetMode
                0x0601b9c8                GFTR_SetUnit
                0x0601b9d4                GFTR_SetTransPara
                0x0601ba08                GFTR_GetTransPara
                0x0601ba14                GFTR_GetNumTrans
                0x0601ba20                GFTR_SetTransMax
                0x0601ba2c                GFTR_Start
                0x0601ba38                GFTR_Pause
                0x0601ba44                GFTR_Stop
                0x0601bafc                GFTR_Exec
                0x0601bb80                GFTR_Idle
                0x0601bbf8                GFTR_ExecSvr
                0x0601bd00                gftr_getSrcPack
                0x0601bd88                gftr_getDstPack
                0x0601bde4                gftr_reqScu
                0x0601bdf0                gftr_execScu
                0x0601be8c                gftr_remScu
                0x0601bec0                gfdma_canUse
                0x0601becc                gfdma_exec
                0x0601bf3c                gfdma_getBytecnt
                0x0601bf74                gftr_reqDma0
                0x0601bf8c                gftr_execSdma0
                0x0601bfb0                gftr_remDma0
                0x0601bfc8                gftr_reqDma1
                0x0601bfe0                gftr_execSdma1
                0x0601c004                gftr_remDma1
                0x0601c01c                gftr_reqCpu
                0x0601c028                gftr_execCpu
                0x0601c068                gftr_remCpu
                0x0601c074                gftr_reqTrn
                0x0601c0e4                gftr_execTrn
                0x0601c1bc                gftr_remTrn
                0x0601c230                gftr_copyFrac
                0x0601c258                GFTR_GetLenData
                0x0601c264                GFTR_GetLenRoom
                0x0601c27c                GFTR_GetDstPack
                0x0601c2b0                GFTR_RtnDstPk
                0x0601c2cc                GFTR_GetData
                0x0601c2e0                GFTR_SetData
                0x0601c2f4                GFTR_SetTransFunc
 *fill*         0x0601c306        0xa 
 .text          0x0601c310       0xa8 ../../Compiler/COMMON/SGL_302j/LIB_ELF/LIBCD.A(CDC_DEV.O)
                0x0601c310                CDC_CdSetCon
                0x0601c340                CDC_CdGetCon
                0x0601c37c                CDC_CdGetLastBuf
 *fill*         0x0601c3b8        0x8 
 .text          0x0601c3c0      0x2b8 ../../Compiler/COMMON/SGL_302j/LIB_ELF/LIBCD.A(CDC_SEL.O)
                0x0601c3c0                CDC_SetFiltRange
                0x0601c3f4                CDC_GetFiltRange
                0x0601c44c                CDC_SetFiltSubh
                0x0601c4bc                CDC_GetFiltSubh
                0x0601c538                CDC_SetFiltMode
                0x0601c56c                CDC_GetFiltMode
                0x0601c5b0                CDC_SetFiltCon
                0x0601c5f0                CDC_GetFiltCon
                0x0601c644                CDC_ResetSelector
 *fill*         0x0601c678        0x8 
 .text          0x0601c680      0x270 ../../Compiler/COMMON/SGL_302j/LIB_ELF/LIBCD.A(CDC_BIF.O)
                0x0601c680                CDC_GetBufSiz
                0x0601c6dc                CDC_GetSctNum
                0x0601c720                CDC_CalActSiz
                0x0601c75c                CDC_GetActSiz
                0x0601c7dc                CDC_GetSctInfo
                0x0601c85c                CDC_ExeFadSearch
                0x0601c894                CDC_GetFadSearch
 .text          0x0601c8f0      0x1e4 ../../Compiler/COMMON/SGL_302j/LIB_ELF/LIBCD.A(CDC_BIO.O)
                0x0601c8f0                CDC_SetSctLen
                0x0601c924                CDC_GetSctData
                0x0601c960                CDC_DelSctData
                0x0601c99c                CDC_GetdelSctData
                0x0601c9d8                CDC_PutSctData
                0x0601ca10                CDC_CopySctData
                0x0601ca54                CDC_MoveSctData
                0x0601ca98                CDC_GetCopyErr
 *fill*         0x0601cad4        0xc 
 .text          0x0601cae0        0x0 ../../Compiler/COMMON/SGL_302j/LIB_ELF/LIBSGL.A(sglA15.o)
 .text          0x0601cae0        0x0 ../../Compiler/COMMON/SGL_302j/LIB_ELF/LIBSGL.A(sglA16.o)
 .text          0x0601cae0        0x0 ../../Compiler/COMMON/SGL_302j/LIB_ELF/LIBSGL.A(sglA17.o)
 .text          0x0601cae0        0x0 ../../Compiler/COMMON/SGL_302j/LIB_ELF/LIBSGL.A(sglA18.o)
 .text          0x0601cae0        0x0 ../../Compiler/COMMON/SGL_302j/LIB_ELF/LIBSGL.A(sglA19.o)
 .text          0x0601cae0        0x0 ../../Compiler/COMMON/SGL_302j/LIB_ELF/LIBSGL.A(sglA20.o)
 .text          0x0601cae0        0x0 ../../Compiler/COMMON/SGL_302j/LIB_ELF/LIBSGL.A(sglA21.o)
 .text          0x0601cae0        0x0 ../../Compiler/COMMON/SGL_302j/LIB_ELF/LIBSGL.A(sglA27.o)
 .text          0x0601cae0        0x0 ../../Compiler/COMMON/SGL_302j/LIB_ELF/LIBSGL.A(sglA28.o)
 .text          0x0601cae0        0x0 ../../Compiler/COMMON/SGL_302j/LIB_ELF/LIBSGL.A(sglA40.o)
 .text          0x0601cae0        0x0 ../../Compiler/COMMON/SGL_302j/LIB_ELF/LIBSGL.A(sglB001.o)
 .text          0x0601cae0        0x0 ../../Compiler/COMMON/SGL_302j/LIB_ELF/LIBSGL.A(sglB011.o)
 .text          0x0601cae0        0x0 ../../Compiler/COMMON/SGL_302j/LIB_ELF/LIBSGL.A(sglB014.o)
 .text          0x0601cae0        0x0 ../../Compiler/COMMON/SGL_302j/LIB_ELF/LIBSGL.A(sglB015.o)
 .text          0x0601cae0        0x0 ../../Compiler/COMMON/SGL_302j/LIB_ELF/LIBSGL.A(sglB016.o)
 .text          0x0601cae0        0x0 ../../Compiler/COMMON/SGL_302j/LIB_ELF/LIBSGL.A(sglB020.o)
 .text          0x0601cae0        0x0 ../../Compiler/COMMON/SGL_302j/LIB_ELF/LIBSGL.A(sglB021.o)
 .text          0x0601cae0        0x0 ../../Compiler/COMMON/SGL_302j/LIB_ELF/LIBSGL.A(sglB023.o)
 .text          0x0601cae0        0x0 ../../Compiler/COMMON/SGL_302j/LIB_ELF/LIBSGL.A(sglB031.o)
 .text          0x0601cae0        0x0 ../../Compiler/COMMON/SGL_302j/LIB_ELF/LIBSGL.A(sglB032.o)
 .text          0x0601cae0        0x0 ../../Compiler/COMMON/SGL_302j/LIB_ELF/LIBSGL.A(sglB033.o)
 .text          0x0601cae0        0x0 ../../Compiler/COMMON/SGL_302j/LIB_ELF/LIBSGL.A(sglB034.o)
 .text          0x0601cae0        0x0 ../../Compiler/COMMON/SGL_302j/LIB_ELF/LIBSGL.A(sglB035.o)
 .text          0x0601cae0        0x0 ../../Compiler/COMMON/SGL_302j/LIB_ELF/LIBSGL.A(sglB036.o)
 .text          0x0601cae0        0x0 ../../Compiler/COMMON/SGL_302j/LIB_ELF/LIBSGL.A(sglB038.o)
 .text          0x0601cae0        0x0 ../../Compiler/COMMON/SGL_302j/LIB_ELF/LIBSGL.A(sglB039.o)
 .text          0x0601cae0        0x0 ../../Compiler/COMMON/SGL_302j/LIB_ELF/LIBSGL.A(sglB040.o)
 .text          0x0601cae0        0x0 ../../Compiler/COMMON/SGL_302j/LIB_ELF/LIBSGL.A(sglB041.o)
 .text          0x0601cae0        0x0 ../../Compiler/COMMON/SGL_302j/LIB_ELF/LIBSGL.A(sglB042.o)
 .text          0x0601cae0        0x0 ../../Compiler/COMMON/SGL_302j/LIB_ELF/LIBSGL.A(sglB043.o)
 .text          0x0601cae0        0x0 ../../Compiler/COMMON/SGL_302j/LIB_ELF/LIBSGL.A(sglB044.o)
 .text          0x0601cae0        0x0 ../../Compiler/COMMON/SGL_302j/LIB_ELF/LIBSGL.A(sglB045.o)
 .text          0x0601cae0        0x0 ../../Compiler/COMMON/SGL_302j/LIB_ELF/LIBSGL.A(sglB047.o)
 .text          0x0601cae0        0x0 ../../Compiler/COMMON/SGL_302j/LIB_ELF/LIBSGL.A(sglB048.o)
 .text          0x0601cae0        0x0 ../../Compiler/COMMON/SGL_302j/LIB_ELF/LIBSGL.A(sglB055.o)
 .text          0x0601cae0        0x0 ../../Compiler/COMMON/SGL_302j/LIB_ELF/LIBSGL.A(sglB056.o)
 .text          0x0601cae0        0x0 ../../Compiler/COMMON/SGL_302j/LIB_ELF/LIBSGL.A(sglB057.o)
 .text          0x0601cae0        0x0 ../../Compiler/COMMON/SGL_302j/LIB_ELF/LIBSGL.A(sglB058.o)
 .text          0x0601cae0        0x0 ../../Compiler/COMMON/SGL_302j/LIB_ELF/LIBSGL.A(sglB059.o)
 .text          0x0601cae0        0x0 ../../Compiler/COMMON/SGL_302j/LIB_ELF/LIBSGL.A(sglB060.o)
 .text          0x0601cae0        0x0 ../../Compiler/COMMON/SGL_302j/LIB_ELF/LIBSGL.A(sglB063.o)
 .text          0x0601cae0        0x0 ../../Compiler/COMMON/SGL_302j/LIB_ELF/LIBSGL.A(sglB087.o)
 .text          0x0601cae0        0x0 ../../Compiler/COMMON/SGL_302j/LIB_ELF/LIBSGL.A(sglB088.o)
 .text          0x0601cae0        0x0 ../../Compiler/COMMON/SGL_302j/LIB_ELF/LIBSGL.A(sglB090.o)
 .text          0x0601cae0        0x0 ../../Compiler/COMMON/SGL_302j/LIB_ELF/LIBSGL.A(sglB200.o)
 .text          0x0601cae0        0x0 ../../Compiler/COMMON/SGL_302j/LIB_ELF/LIBSGL.A(sglC03.o)
 .text          0x0601cae0        0x0 ../../Compiler/COMMON/SGL_302j/LIB_ELF/LIBSGL.A(sglC04.o)
 .text          0x0601cae0        0x0 ../../Compiler/COMMON/SGL_302j/LIB_ELF/LIBSGL.A(sglC05.o)
 .text          0x0601cae0        0x0 ../../Compiler/COMMON/SGL_302j/LIB_ELF/LIBSGL.A(sglC06.o)
 .text          0x0601cae0        0x0 ../../Compiler/COMMON/SGL_302j/LIB_ELF/LIBSGL.A(sglC07.o)
 .text          0x0601cae0        0x0 ../../Compiler/COMMON/SGL_302j/LIB_ELF/LIBSGL.A(sglC08.o)
 .text          0x0601cae0        0x0 ../../Compiler/COMMON/SGL_302j/LIB_ELF/LIBSGL.A(sglC14.o)
 .text          0x0601cae0        0x0 ../../Compiler/COMMON/SGL_302j/LIB_ELF/LIBSGL.A(sglC16.o)
 .text          0x0601cae0        0x0 ../../Compiler/COMMON/SGL_302j/LIB_ELF/LIBSGL.A(sglC17.o)
 .text          0x0601cae0        0x0 ../../Compiler/COMMON/SGL_302j/LIB_ELF/LIBSGL.A(sglC19.o)
 .text          0x0601cae0        0x0 ../../Compiler/COMMON/SGL_302j/LIB_ELF/LIBSGL.A(sglC20.o)
 .text          0x0601cae0        0x0 ../../Compiler/COMMON/SGL_302j/LIB_ELF/LIBSGL.A(sglC21.o)
 .text          0x0601cae0        0x0 ../../Compiler/COMMON/SGL_302j/LIB_ELF/LIBSGL.A(sglD00.o)
 .text          0x0601cae0        0x0 ../../Compiler/COMMON/SGL_302j/LIB_ELF/LIBSGL.A(sglD01.o)
 .text          0x0601cae0        0x0 ../../Compiler/COMMON/SGL_302j/LIB_ELF/LIBSGL.A(sglD03.o)
 .text          0x0601cae0        0x0 ../../Compiler/COMMON/SGL_302j/LIB_ELF/LIBSGL.A(sglD15.o)
 .text          0x0601cae0        0x0 ../../Compiler/COMMON/SGL_302j/LIB_ELF/LIBSGL.A(sglD16.o)
 .text          0x0601cae0        0x0 ../../Compiler/COMMON/SGL_302j/LIB_ELF/LIBSGL.A(sglD17.o)
 .text          0x0601cae0        0x0 ../../Compiler/COMMON/SGL_302j/LIB_ELF/LIBSGL.A(sglD18.o)
 .text          0x0601cae0        0x0 ../../Compiler/COMMON/SGL_302j/LIB_ELF/LIBSGL.A(sglF08.o)
 .text          0x0601cae0        0x0 ../../Compiler/COMMON/SGL_302j/LIB_ELF/LIBSGL.A(sglG00.o)
 .text          0x0601cae0        0x0 ../../Compiler/COMMON/SGL_302j/LIB_ELF/LIBSGL.A(sglG01.o)
 .text          0x0601cae0        0x0 ../../Compiler/COMMON/SGL_302j/LIB_ELF/LIBSGL.A(sglG19.o)
 .text          0x0601cae0        0x0 ../../Compiler/COMMON/SGL_302j/LIB_ELF/LIBSGL.A(sglG21.o)
 .text          0x0601cae0        0x0 ../../Compiler/COMMON/SGL_302j/LIB_ELF/LIBSGL.A(sglG22.o)
 .text          0x0601cae0        0x0 ../../Compiler/COMMON/SGL_302j/LIB_ELF/LIBSGL.A(sglG25.o)
 .text          0x0601cae0        0x0 ../../Compiler/COMMON/SGL_302j/LIB_ELF/LIBSGL.A(sglH00.o)
 .text          0x0601cae0        0x0 ../../Compiler/COMMON/SGL_302j/LIB_ELF/LIBSGL.A(sglH01.o)
 .text          0x0601cae0        0x0 ../../Compiler/COMMON/SGL_302j/LIB_ELF/LIBSGL.A(sglH02.o)
 .text          0x0601cae0        0x0 ../../Compiler/COMMON/SGL_302j/LIB_ELF/LIBSGL.A(sglH04.o)
 .text          0x0601cae0        0x0 ../../Compiler/COMMON/SGL_302j/LIB_ELF/LIBSGL.A(sglI01.o)
 .text          0x0601cae0        0x0 ../../Compiler/COMMON/SGL_302j/LIB_ELF/LIBSGL.A(sglI04.o)
 .text          0x0601cae0      0x128 ../../Compiler/COMMON/SGL_302j/LIB_ELF/LIBSGL.A(sglIc0.o)
                0x0601cae0                slInitSystem
 *fill*         0x0601cc08        0x8 
 .text          0x0601cc10        0x0 ../../Compiler/COMMON/SGL_302j/LIB_ELF/LIBSGL.A(sglJ00.o)
 .text          0x0601cc10        0x0 ../../Compiler/COMMON/SGL_302j/LIB_ELF/LIBSGL.A(sglJ01.o)
 .text          0x0601cc10        0x0 ../../Compiler/COMMON/SGL_302j/LIB_ELF/LIBSGL.A(sglJ02.o)
 .text          0x0601cc10        0x0 ../../Compiler/COMMON/SGL_302j/LIB_ELF/LIBSGL.A(sglJ03.o)
 .text          0x0601cc10        0x0 ../../Compiler/COMMON/SGL_302j/LIB_ELF/LIBSGL.A(sglJ04.o)
 .text          0x0601cc10        0x0 ../../Compiler/COMMON/SGL_302j/LIB_ELF/LIBSGL.A(sglJ05.o)
 .text          0x0601cc10        0x0 ../../Compiler/COMMON/SGL_302j/LIB_ELF/LIBSGL.A(sglK01.o)
 .text          0x0601cc10        0x0 ../../Compiler/COMMON/SGL_302j/LIB_ELF/LIBSGL.A(sglM00.o)
 .text          0x0601cc10        0x0 ../../Compiler/COMMON/SGL_302j/LIB_ELF/LIBSGL.A(sglM01.o)
 .text          0x0601cc10        0x0 ../../Compiler/COMMON/SGL_302j/LIB_ELF/LIBSGL.A(sglA00.o)
 .text          0x0601cc10        0x0 ../../Compiler/COMMON/SGL_302j/LIB_ELF/LIBSGL.A(sglA01.o)
 .text          0x0601cc10        0x0 ../../Compiler/COMMON/SGL_302j/LIB_ELF/LIBSGL.A(sglA10.o)
 .text          0x0601cc10        0x0 ../../Compiler/COMMON/SGL_302j/LIB_ELF/LIBSGL.A(sglA24.o)
 .text          0x0601cc10        0x0 ../../Compiler/COMMON/SGL_302j/LIB_ELF/LIBSGL.A(sglA25.o)
 .text          0x0601cc10        0x0 ../../Compiler/COMMON/SGL_302j/LIB_ELF/LIBSGL.A(sglB000.o)
 .text          0x0601cc10        0x0 ../../Compiler/COMMON/SGL_302j/LIB_ELF/LIBSGL.A(sglC00.o)
 .text          0x0601cc10        0x0 ../../Compiler/COMMON/SGL_302j/LIB_ELF/LIBSGL.A(sglC13.o)
 .text          0x0601cc10        0x0 ../../Compiler/COMMON/SGL_302j/LIB_ELF/LIBSGL.A(sglD02.o)
 .text          0x0601cc10        0x0 ../../Compiler/COMMON/SGL_302j/LIB_ELF/LIBSGL.A(sglD19.o)
 .text          0x0601cc10        0x0 ../../Compiler/COMMON/SGL_302j/LIB_ELF/LIBSGL.A(sglI00.o)
 .text          0x0601cc10        0x0 ../../Compiler/COMMON/SGL_302j/LIB_ELF/LIBSGL.A(sglH03.o)
 .text          0x0601cc10       0x52 c:/users/jason/desktop/saturn game project/joengine-master/compiler/windows/bin/../lib/gcc/sh-elf/9.3.0\libgcc.a(_ashiftrt.o)
                0x0601cc10                __ashiftrt_r4_31
                0x0601cc10                __ashiftrt_r4_32
                0x0601cc16                __ashiftrt_r4_30
                0x0601cc18                __ashiftrt_r4_29
                0x0601cc1a                __ashiftrt_r4_28
                0x0601cc1c                __ashiftrt_r4_27
                0x0601cc1e                __ashiftrt_r4_26
                0x0601cc20                __ashiftrt_r4_25
                0x0601cc22                __ashiftrt_r4_24
                0x0601cc2a                __ashiftrt_r4_23
                0x0601cc2c                __ashiftrt_r4_22
                0x0601cc2e                __ashiftrt_r4_21
                0x0601cc30                __ashiftrt_r4_20
                0x0601cc32                __ashiftrt_r4_19
                0x0601cc34                __ashiftrt_r4_18
                0x0601cc36                __ashiftrt_r4_17
                0x0601cc38                __ashiftrt_r4_16
                0x0601cc3e                __ashiftrt_r4_15
                0x0601cc40                __ashiftrt_r4_14
                0x0601cc42                __ashiftrt_r4_13
                0x0601cc44                __ashiftrt_r4_12
                0x0601cc46                __ashiftrt_r4_11
                0x0601cc48                __ashiftrt_r4_10
                0x0601cc4a                __ashiftrt_r4_9
                0x0601cc4c                __ashiftrt_r4_8
                0x0601cc4e                __ashiftrt_r4_7
                0x0601cc50                __ashiftrt_r4_6
                0x0601cc52                __ashiftrt_r4_5
                0x0601cc54                __ashiftrt_r4_4
                0x0601cc56                __ashiftrt_r4_3
                0x0601cc58                __ashiftrt_r4_2
                0x0601cc5a                __ashiftrt_r4_1
                0x0601cc5e                __ashiftrt_r4_0
 *fill*         0x0601cc62        0x2 
 .text          0x0601cc64       0x80 c:/users/jason/desktop/saturn game project/joengine-master/compiler/windows/bin/../lib/gcc/sh-elf/9.3.0\libgcc.a(_ashiftrt_n.o)
                0x0601cc64                __ashrsi3
 .text          0x0601cce4       0xbc c:/users/jason/desktop/saturn game project/joengine-master/compiler/windows/bin/../lib/gcc/sh-elf/9.3.0\libgcc.a(_ashiftlt.o)
                0x0601cce4                __ashlsi3
                0x0601cce8                __ashlsi3_r0
 .text          0x0601cda0       0xbc c:/users/jason/desktop/saturn game project/joengine-master/compiler/windows/bin/../lib/gcc/sh-elf/9.3.0\libgcc.a(_lshiftrt.o)
                0x0601cda0                __lshrsi3
                0x0601cda4                __lshrsi3_r0
 .text          0x0601ce5c       0xa0 c:/users/jason/desktop/saturn game project/joengine-master/compiler/windows/bin/../lib/gcc/sh-elf/9.3.0\libgcc.a(_sdivsi3.o)
                0x0601ce5c                __sdivsi3
 .text          0x0601cefc       0x6c c:/users/jason/desktop/saturn game project/joengine-master/compiler/windows/bin/../lib/gcc/sh-elf/9.3.0\libgcc.a(_udivsi3.o)
                0x0601cf1e                __udivsi3
 .text          0x0601cf68      0x21c c:/users/jason/desktop/saturn game project/joengine-master/compiler/windows/bin/../lib/gcc/sh-elf/9.3.0\libgcc.a(_addsub_sf.o)
                0x0601d0e8                __addsf3
                0x0601d134                __subsf3
 .text          0x0601d184      0x134 c:/users/jason/desktop/saturn game project/joengine-master/compiler/windows/bin/../lib/gcc/sh-elf/9.3.0\libgcc.a(_mul_sf.o)
                0x0601d184                __mulsf3
 .text          0x0601d2b8       0xdc c:/users/jason/desktop/saturn game project/joengine-master/compiler/windows/bin/../lib/gcc/sh-elf/9.3.0\libgcc.a(_div_sf.o)
                0x0601d2b8                __divsf3
 .text          0x0601d394       0x54 c:/users/jason/desktop/saturn game project/joengine-master/compiler/windows/bin/../lib/gcc/sh-elf/9.3.0\libgcc.a(_eq_sf.o)
                0x0601d394                __eqsf2
 .text          0x0601d3e8       0x54 c:/users/jason/desktop/saturn game project/joengine-master/compiler/windows/bin/../lib/gcc/sh-elf/9.3.0\libgcc.a(_ne_sf.o)
                0x0601d3e8                __nesf2
 .text          0x0601d43c       0x54 c:/users/jason/desktop/saturn game project/joengine-master/compiler/windows/bin/../lib/gcc/sh-elf/9.3.0\libgcc.a(_gt_sf.o)
                0x0601d43c                __gtsf2
 .text          0x0601d490       0x54 c:/users/jason/desktop/saturn game project/joengine-master/compiler/windows/bin/../lib/gcc/sh-elf/9.3.0\libgcc.a(_ge_sf.o)
                0x0601d490                __gesf2
 .text          0x0601d4e4       0x54 c:/users/jason/desktop/saturn game project/joengine-master/compiler/windows/bin/../lib/gcc/sh-elf/9.3.0\libgcc.a(_lt_sf.o)
                0x0601d4e4                __ltsf2
 .text          0x0601d538       0x54 c:/users/jason/desktop/saturn game project/joengine-master/compiler/windows/bin/../lib/gcc/sh-elf/9.3.0\libgcc.a(_le_sf.o)
                0x0601d538                __lesf2
 .text          0x0601d58c       0x84 c:/users/jason/desktop/saturn game project/joengine-master/compiler/windows/bin/../lib/gcc/sh-elf/9.3.0\libgcc.a(_si_to_sf.o)
                0x0601d58c                __floatsisf
 .text          0x0601d610       0x70 c:/users/jason/desktop/saturn game project/joengine-master/compiler/windows/bin/../lib/gcc/sh-elf/9.3.0\libgcc.a(_sf_to_si.o)
                0x0601d610                __fixsfsi
 .text          0x0601d680       0x3c c:/users/jason/desktop/saturn game project/joengine-master/compiler/windows/bin/../lib/gcc/sh-elf/9.3.0\libgcc.a(_sf_to_df.o)
                0x0601d680                __extendsfdf2
 .text          0x0601d6bc        0x0 c:/users/jason/desktop/saturn game project/joengine-master/compiler/windows/bin/../lib/gcc/sh-elf/9.3.0\libgcc.a(_thenan_sf.o)
 .text          0x0601d6bc       0x94 c:/users/jason/desktop/saturn game project/joengine-master/compiler/windows/bin/../lib/gcc/sh-elf/9.3.0\libgcc.a(_usi_to_sf.o)
                0x0601d6bc                __floatunsisf
 .text          0x0601d750      0x3e0 c:/users/jason/desktop/saturn game project/joengine-master/compiler/windows/bin/../lib/gcc/sh-elf/9.3.0\libgcc.a(_addsub_df.o)
                0x0601da8c                __adddf3
                0x0601dadc                __subdf3
 .text          0x0601db30      0x208 c:/users/jason/desktop/saturn game project/joengine-master/compiler/windows/bin/../lib/gcc/sh-elf/9.3.0\libgcc.a(_mul_df.o)
                0x0601db30                __muldf3
 .text          0x0601dd38       0xa8 c:/users/jason/desktop/saturn game project/joengine-master/compiler/windows/bin/../lib/gcc/sh-elf/9.3.0\libgcc.a(_si_to_df.o)
                0x0601dd38                __floatsidf
 .text          0x0601dde0       0xa0 c:/users/jason/desktop/saturn game project/joengine-master/compiler/windows/bin/../lib/gcc/sh-elf/9.3.0\libgcc.a(_df_to_si.o)
                0x0601dde0                __fixdfsi
 .text          0x0601de80       0x28 c:/users/jason/desktop/saturn game project/joengine-master/compiler/windows/bin/../lib/gcc/sh-elf/9.3.0\libgcc.a(_make_df.o)
                0x0601de80                __make_dp
 .text          0x0601dea8       0x4c c:/users/jason/desktop/saturn game project/joengine-master/compiler/windows/bin/../lib/gcc/sh-elf/9.3.0\libgcc.a(_df_to_sf.o)
                0x0601dea8                __truncdfsf2
 .text          0x0601def4        0x0 c:/users/jason/desktop/saturn game project/joengine-master/compiler/windows/bin/../lib/gcc/sh-elf/9.3.0\libgcc.a(_thenan_df.o)
 .text          0x0601def4       0x54 c:/users/jason/desktop/saturn game project/joengine-master/compiler/windows/bin/../lib/gcc/sh-elf/9.3.0\libgcc.a(_clzsi2.o)
                0x0601def4                __clzsi2
 .text          0x0601df48      0x11c c:/users/jason/desktop/saturn game project/joengine-master/compiler/windows/bin/../lib/gcc/sh-elf/9.3.0\libgcc.a(_pack_sf.o)
                0x0601df48                __pack_f
 .text          0x0601e064       0xa0 c:/users/jason/desktop/saturn game project/joengine-master/compiler/windows/bin/../lib/gcc/sh-elf/9.3.0\libgcc.a(_unpack_sf.o)
                0x0601e064                __unpack_f
 .text          0x0601e104       0xac c:/users/jason/desktop/saturn game project/joengine-master/compiler/windows/bin/../lib/gcc/sh-elf/9.3.0\libgcc.a(_fpcmp_parts_sf.o)
                0x0601e104                __fpcmp_parts_f
 .text          0x0601e1b0       0x20 c:/users/jason/desktop/saturn game project/joengine-master/compiler/windows/bin/../lib/gcc/sh-elf/9.3.0\libgcc.a(_make_sf.o)
                0x0601e1b0                __make_fp
 .text          0x0601e1d0      0x274 c:/users/jason/desktop/saturn game project/joengine-master/compiler/windows/bin/../lib/gcc/sh-elf/9.3.0\libgcc.a(_pack_df.o)
                0x0601e1d0                __pack_d
 .text          0x0601e444       0xcc c:/users/jason/desktop/saturn game project/joengine-master/compiler/windows/bin/../lib/gcc/sh-elf/9.3.0\libgcc.a(_unpack_df.o)
                0x0601e444                __unpack_d
 .text          0x0601e510        0x0 c:/users/jason/desktop/saturn game project/joengine-master/compiler/windows/bin/../lib/gcc/sh-elf/9.3.0\libgcc.a(_clz.o)
 .text          0x0601e510       0x1e c:/users/jason/desktop/saturn game project/joengine-master/compiler/windows/bin/../lib/gcc/sh-elf/9.3.0/../../../../sh-elf/lib\libc.a(lib_a-memcmp.o)
                0x0601e510                memcmp
 *fill*         0x0601e52e        0x2 
 .text          0x0601e530       0x94 c:/users/jason/desktop/saturn game project/joengine-master/compiler/windows/bin/../lib/gcc/sh-elf/9.3.0/../../../../sh-elf/lib\libc.a(lib_a-memcpy.o)
                0x0601e530                memcpy
 .text          0x0601e5c4       0x40 c:/users/jason/desktop/saturn game project/joengine-master/compiler/windows/bin/../lib/gcc/sh-elf/9.3.0/../../../../sh-elf/lib\libc.a(lib_a-memset.o)
                0x0601e5c4                memset
 .text          0x0601e604       0x8c c:/users/jason/desktop/saturn game project/joengine-master/compiler/windows/bin/../lib/gcc/sh-elf/9.3.0/../../../../sh-elf/lib\libc.a(lib_a-sprintf.o)
                0x0601e604                _siprintf_r
                0x0601e604                _sprintf_r
                0x0601e644                siprintf
                0x0601e644                sprintf
 .text          0x0601e690       0x2a c:/users/jason/desktop/saturn game project/joengine-master/compiler/windows/bin/../lib/gcc/sh-elf/9.3.0/../../../../sh-elf/lib\libc.a(lib_a-strncmp.o)
                0x0601e690                strncmp
 .text          0x0601e6ba       0x36 c:/users/jason/desktop/saturn game project/joengine-master/compiler/windows/bin/../lib/gcc/sh-elf/9.3.0/../../../../sh-elf/lib\libc.a(lib_a-strncpy.o)
                0x0601e6ba                strncpy
 .text          0x0601e6f0        0x0 c:/users/jason/desktop/saturn game project/joengine-master/compiler/windows/bin/../lib/gcc/sh-elf/9.3.0/../../../../sh-elf/lib\libc.a(lib_a-impure.o)
 .text          0x0601e6f0      0x444 c:/users/jason/desktop/saturn game project/joengine-master/compiler/windows/bin/../lib/gcc/sh-elf/9.3.0/../../../../sh-elf/lib\libc.a(lib_a-nano-svfprintf.o)
                0x0601e6f0                __ssputs_r
                0x0601e7e4                __ssprint_r
                0x0601e918                _svfprintf_r
                0x0601e918                _svfiprintf_r
 .text          0x0601eb34      0x380 c:/users/jason/desktop/saturn game project/joengine-master/compiler/windows/bin/../lib/gcc/sh-elf/9.3.0/../../../../sh-elf/lib\libc.a(lib_a-nano-vfprintf_i.o)
                0x0601eb34                _printf_common
                0x0601ec34                _printf_i
 .text          0x0601eeb4       0x1c c:/users/jason/desktop/saturn game project/joengine-master/compiler/windows/bin/../lib/gcc/sh-elf/9.3.0/../../../../sh-elf/lib\libc.a(lib_a-memchr.o)
                0x0601eeb4                memchr
 .text          0x0601eed0       0x3c c:/users/jason/desktop/saturn game project/joengine-master/compiler/windows/bin/../lib/gcc/sh-elf/9.3.0/../../../../sh-elf/lib\libc.a(lib_a-memmove.o)
                0x0601eed0                memmove
 .text          0x0601ef0c       0xd0 c:/users/jason/desktop/saturn game project/joengine-master/compiler/windows/bin/../lib/gcc/sh-elf/9.3.0/../../../../sh-elf/lib\libc.a(lib_a-nano-freer.o)
                0x0601ef0c                _free_r
 .text          0x0601efdc       0xf8 c:/users/jason/desktop/saturn game project/joengine-master/compiler/windows/bin/../lib/gcc/sh-elf/9.3.0/../../../../sh-elf/lib\libc.a(lib_a-nano-mallocr.o)
                0x0601efdc                _malloc_r
 .text          0x0601f0d4       0x7c c:/users/jason/desktop/saturn game project/joengine-master/compiler/windows/bin/../lib/gcc/sh-elf/9.3.0/../../../../sh-elf/lib\libc.a(lib_a-nano-reallocr.o)
                0x0601f0d4                _realloc_r
 .text          0x0601f150       0x30 c:/users/jason/desktop/saturn game project/joengine-master/compiler/windows/bin/../lib/gcc/sh-elf/9.3.0/../../../../sh-elf/lib\libc.a(lib_a-sbrkr.o)
                0x0601f150                _sbrk_r
 .text          0x0601f180      0x25c c:/users/jason/desktop/saturn game project/joengine-master/compiler/windows/bin/../lib/gcc/sh-elf/9.3.0/../../../../sh-elf/lib\libc.a(lib_a-syscalls.o)
                0x0601f1f8                _read
                0x0601f208                _lseek
                0x0601f218                _write
                0x0601f228                _close
                0x0601f238                _link
                0x0601f23c                _sbrk
                0x0601f294                _fstat
                0x0601f29e                _open
                0x0601f2b0                _creat
                0x0601f2c0                _unlink
                0x0601f2c4                isatty
                0x0601f2c8                _isatty
                0x0601f2cc                _exit
                0x0601f2dc                _kill
                0x0601f2f0                _getpid
                0x0601f2f4                _raise
                0x0601f2f8                _stat
                0x0601f308                _chmod
                0x0601f318                _chown
                0x0601f328                _utime
                0x0601f33c                _fork
                0x0601f348                _wait
                0x0601f358                _execve
                0x0601f368                _execv
                0x0601f378                _pipe
                0x0601f384                _times
                0x0601f388                _gettimeofday
                0x0601f3b0                __setup_argv_and_call_main
 .text          0x0601f3dc       0x14 c:/users/jason/desktop/saturn game project/joengine-master/compiler/windows/bin/../lib/gcc/sh-elf/9.3.0/../../../../sh-elf/lib\libc.a(lib_a-trap.o)
                0x0601f3dc                __trap34
 .text          0x0601f3f0       0x18 c:/users/jason/desktop/saturn game project/joengine-master/compiler/windows/bin/../lib/gcc/sh-elf/9.3.0/../../../../sh-elf/lib\libc.a(lib_a-abort.o)
                0x0601f3f0                abort
 .text          0x0601f408        0x8 c:/users/jason/desktop/saturn game project/joengine-master/compiler/windows/bin/../lib/gcc/sh-elf/9.3.0/../../../../sh-elf/lib\libc.a(lib_a-mlock.o)
                0x0601f408                __malloc_lock
                0x0601f40c                __malloc_unlock
 .text          0x0601f410       0x16 c:/users/jason/desktop/saturn game project/joengine-master/compiler/windows/bin/../lib/gcc/sh-elf/9.3.0/../../../../sh-elf/lib\libc.a(lib_a-nano-msizer.o)
                0x0601f410                _malloc_usable_size_r
 *fill*         0x0601f426        0x2 
 .text          0x0601f428      0x1b4 c:/users/jason/desktop/saturn game project/joengine-master/compiler/windows/bin/../lib/gcc/sh-elf/9.3.0/../../../../sh-elf/lib\libc.a(lib_a-signal.o)
                0x0601f428                _init_signal_r
                0x0601f468                _signal_r
                0x0601f4b4                _raise_r
                0x0601f52c                __sigtramp_r
                0x0601f590                raise
                0x0601f5a4                signal
                0x0601f5b8                _init_signal
                0x0601f5c8                __sigtramp
 .text          0x0601f5dc       0x40 c:/users/jason/desktop/saturn game project/joengine-master/compiler/windows/bin/../lib/gcc/sh-elf/9.3.0/../../../../sh-elf/lib\libc.a(lib_a-signalr.o)
                0x0601f5dc                _kill_r
                0x0601f610                _getpid_r
 *(.strings)
 *(SEGA_P)
 *(.eh_frame_hdr)
 *(.eh_frame)
                0x0601f61c                __etext = .

.text.startup   0x0601f620       0x40
 .text.startup  0x0601f620       0x40 ../../jo_engine/core.o
                0x0601f620                main

SLPROG          0x0601f660    0x13b60
                0x0601f660                __slprog_start = .
 *(SLPROG)
 SLPROG         0x0601f660     0x6540 ../../Compiler/COMMON/SGL_302j/LIB_ELF/SGLAREA.O
                0x0601f660                MasterStack
                0x0601f664                SlaveStack
                0x0601f668                MaxVertices
                0x0601f66a                MaxPolygons
                0x0601f66c                SortList
                0x0601f670                SortListSize
                0x0601f674                TransList
                0x0601f678                Zbuffer
                0x0601f67c                SpriteBuf
                0x0601f680                SpriteBufSize
                0x0601f684                Pbuffer
                0x0601f688                CommandBuf
                0x0601f68c                CLOfstBuf
                0x0601f690                PCM_Work
                0x0601f694                PCM_WkSize
                0x0601f698                MaxEvents
                0x0601f69a                EventSize
                0x0601f69c                MaxWorks
                0x0601f69e                WorkSize
                0x0601f6a0                RemainEvent
                0x0601f7a0                RemainWork
                0x0601fba0                EventBuf
                0x06021ba0                WorkBuf
 SLPROG         0x06025ba0       0x18 ../../Compiler/COMMON/SGL_302j/LIB_ELF/LIBSGL.A(sglA15.o)
                0x06025ba0                slSlaveFunc
 *fill*         0x06025bb8        0x8 
 SLPROG         0x06025bc0       0xd0 ../../Compiler/COMMON/SGL_302j/LIB_ELF/LIBSGL.A(sglA16.o)
                0x06025bc0                slLookAt
 SLPROG         0x06025c90       0x78 ../../Compiler/COMMON/SGL_302j/LIB_ELF/LIBSGL.A(sglA17.o)
                0x06025c90                slRotZ
                0x06025c9a                slRotZSC
 *fill*         0x06025d08        0x8 
 SLPROG         0x06025d10       0x78 ../../Compiler/COMMON/SGL_302j/LIB_ELF/LIBSGL.A(sglA18.o)
                0x06025d10                slRotY
                0x06025d1a                slRotYSC
 *fill*         0x06025d88        0x8 
 SLPROG         0x06025d90       0x78 ../../Compiler/COMMON/SGL_302j/LIB_ELF/LIBSGL.A(sglA19.o)
                0x06025d90                slRotX
                0x06025d9a                slRotXSC
 *fill*         0x06025e08        0x8 
 SLPROG         0x06025e10      0x42c ../../Compiler/COMMON/SGL_302j/LIB_ELF/LIBSGL.A(sglA20.o)
                0x06025e10                slInitMatrix
                0x06025e1a                slPushUnitMatrix
                0x06025e2e                slUnitMatrix
 *fill*         0x0602623c        0x4 
 SLPROG         0x06026240       0x48 ../../Compiler/COMMON/SGL_302j/LIB_ELF/LIBSGL.A(sglA21.o)
                0x06026240                slPushMatrix
                0x06026274                slDecMatrixPtr
                0x06026274                slPopMatrix
 *fill*         0x06026288        0x8 
 SLPROG         0x06026290       0x50 ../../Compiler/COMMON/SGL_302j/LIB_ELF/LIBSGL.A(sglA27.o)
                0x06026290                slTranslate
 SLPROG         0x060262e0       0x70 ../../Compiler/COMMON/SGL_302j/LIB_ELF/LIBSGL.A(sglA28.o)
                0x060262e0                slScale
 SLPROG         0x06026350       0x22 ../../Compiler/COMMON/SGL_302j/LIB_ELF/LIBSGL.A(sglA40.o)
                0x06026350                slCalcVector
 *fill*         0x06026372        0xe 
 SLPROG         0x06026380       0x20 ../../Compiler/COMMON/SGL_302j/LIB_ELF/LIBSGL.A(sglB001.o)
                0x06026380                slTVOn
                0x0602638a                slTVOff
 SLPROG         0x060263a0       0x24 ../../Compiler/COMMON/SGL_302j/LIB_ELF/LIBSGL.A(sglB011.o)
                0x060263a0                slBitMapNbg1
 *fill*         0x060263c4        0xc 
 SLPROG         0x060263d0        0x8 ../../Compiler/COMMON/SGL_302j/LIB_ELF/LIBSGL.A(sglB014.o)
                0x060263d0                slScrTransparent
 *fill*         0x060263d8        0x8 
 SLPROG         0x060263e0      0x40c ../../Compiler/COMMON/SGL_302j/LIB_ELF/LIBSGL.A(sglB015.o)
                0x060263e0                slScrAutoDisp
 *fill*         0x060267ec        0x4 
 SLPROG         0x060267f0        0xc ../../Compiler/COMMON/SGL_302j/LIB_ELF/LIBSGL.A(sglB016.o)
                0x060267f0                slBack1ColSet
 *fill*         0x060267fc        0x4 
 SLPROG         0x06026800       0x10 ../../Compiler/COMMON/SGL_302j/LIB_ELF/LIBSGL.A(sglB020.o)
                0x06026800                slColorCalc
 SLPROG         0x06026810        0xc ../../Compiler/COMMON/SGL_302j/LIB_ELF/LIBSGL.A(sglB021.o)
                0x06026810                slColorCalcOn
 *fill*         0x0602681c        0x4 
 SLPROG         0x06026820        0xc ../../Compiler/COMMON/SGL_302j/LIB_ELF/LIBSGL.A(sglB023.o)
                0x06026820                slColRate
 *fill*         0x0602682c        0x4 
 SLPROG         0x06026830       0xb0 ../../Compiler/COMMON/SGL_302j/LIB_ELF/LIBSGL.A(sglB031.o)
                0x06026830                slMapNbg0
 SLPROG         0x060268e0       0xb4 ../../Compiler/COMMON/SGL_302j/LIB_ELF/LIBSGL.A(sglB032.o)
                0x060268e0                slMapNbg1
 *fill*         0x06026994        0xc 
 SLPROG         0x060269a0       0xb0 ../../Compiler/COMMON/SGL_302j/LIB_ELF/LIBSGL.A(sglB033.o)
                0x060269a0                slMapNbg2
 SLPROG         0x06026a50       0xb4 ../../Compiler/COMMON/SGL_302j/LIB_ELF/LIBSGL.A(sglB034.o)
                0x06026a50                slMapNbg3
 *fill*         0x06026b04        0xc 
 SLPROG         0x06026b10       0xd4 ../../Compiler/COMMON/SGL_302j/LIB_ELF/LIBSGL.A(sglB035.o)
                0x06026b10                sl1MapRA
                0x06026ba2                rbank_set
 *fill*         0x06026be4        0xc 
 SLPROG         0x06026bf0       0xa0 ../../Compiler/COMMON/SGL_302j/LIB_ELF/LIBSGL.A(sglB036.o)
                0x06026bf0                sl1MapRB
 SLPROG         0x06026c90       0x70 ../../Compiler/COMMON/SGL_302j/LIB_ELF/LIBSGL.A(sglB038.o)
                0x06026c90                slRparaInitSet
 SLPROG         0x06026d00       0x7e ../../Compiler/COMMON/SGL_302j/LIB_ELF/LIBSGL.A(sglB039.o)
                0x06026d00                slMakeKtable
 *fill*         0x06026d7e        0x2 
 SLPROG         0x06026d80       0x58 ../../Compiler/COMMON/SGL_302j/LIB_ELF/LIBSGL.A(sglB040.o)
                0x06026d80                slKtableRA
 *fill*         0x06026dd8        0x8 
 SLPROG         0x06026de0       0x5c ../../Compiler/COMMON/SGL_302j/LIB_ELF/LIBSGL.A(sglB041.o)
                0x06026de0                slKtableRB
 *fill*         0x06026e3c        0x4 
 SLPROG         0x06026e40       0x10 ../../Compiler/COMMON/SGL_302j/LIB_ELF/LIBSGL.A(sglB042.o)
                0x06026e40                slCurRpara
 SLPROG         0x06026e50        0x8 ../../Compiler/COMMON/SGL_302j/LIB_ELF/LIBSGL.A(sglB043.o)
                0x06026e50                slRparaMode
 *fill*         0x06026e58        0x8 
 SLPROG         0x06026e60      0x4e4 ../../Compiler/COMMON/SGL_302j/LIB_ELF/LIBSGL.A(sglB044.o)
                0x06026e60                slScrMatSet
 *fill*         0x06027344        0xc 
 SLPROG         0x06027350       0x28 ../../Compiler/COMMON/SGL_302j/LIB_ELF/LIBSGL.A(sglB045.o)
                0x06027350                slScrMatConv
 *fill*         0x06027378        0x8 
 SLPROG         0x06027380        0xc ../../Compiler/COMMON/SGL_302j/LIB_ELF/LIBSGL.A(sglB047.o)
                0x06027380                slOverRA
 *fill*         0x0602738c        0x4 
 SLPROG         0x06027390       0x10 ../../Compiler/COMMON/SGL_302j/LIB_ELF/LIBSGL.A(sglB048.o)
                0x06027390                slOverRB
 SLPROG         0x060273a0        0xc ../../Compiler/COMMON/SGL_302j/LIB_ELF/LIBSGL.A(sglB055.o)
                0x060273a0                slPlaneNbg0
 *fill*         0x060273ac        0x4 
 SLPROG         0x060273b0        0xc ../../Compiler/COMMON/SGL_302j/LIB_ELF/LIBSGL.A(sglB056.o)
                0x060273b0                slPlaneNbg1
 *fill*         0x060273bc        0x4 
 SLPROG         0x060273c0       0x10 ../../Compiler/COMMON/SGL_302j/LIB_ELF/LIBSGL.A(sglB057.o)
                0x060273c0                slPlaneNbg2
 SLPROG         0x060273d0       0x10 ../../Compiler/COMMON/SGL_302j/LIB_ELF/LIBSGL.A(sglB058.o)
                0x060273d0                slPlaneNbg3
 SLPROG         0x060273e0        0xc ../../Compiler/COMMON/SGL_302j/LIB_ELF/LIBSGL.A(sglB059.o)
                0x060273e0                slPlaneRA
 *fill*         0x060273ec        0x4 
 SLPROG         0x060273f0       0x10 ../../Compiler/COMMON/SGL_302j/LIB_ELF/LIBSGL.A(sglB060.o)
                0x060273f0                slPlaneRB
 SLPROG         0x06027400        0xc ../../Compiler/COMMON/SGL_302j/LIB_ELF/LIBSGL.A(sglB063.o)
                0x06027400                slPriority
 *fill*         0x0602740c        0x4 
 SLPROG         0x06027410       0x18 ../../Compiler/COMMON/SGL_302j/LIB_ELF/LIBSGL.A(sglB087.o)
                0x06027410                slLineScrollTable0
 *fill*         0x06027428        0x8 
 SLPROG         0x06027430        0x8 ../../Compiler/COMMON/SGL_302j/LIB_ELF/LIBSGL.A(sglB088.o)
                0x06027430                slLineScrollTable1
 *fill*         0x06027438        0x8 
 SLPROG         0x06027440        0xc ../../Compiler/COMMON/SGL_302j/LIB_ELF/LIBSGL.A(sglB090.o)
                0x06027440                slLineScrollMode
 *fill*         0x0602744c        0x4 
 SLPROG         0x06027450      0x114 ../../Compiler/COMMON/SGL_302j/LIB_ELF/LIBSGL.A(sglB200.o)
                0x06027450                slCharRbg0
                0x0602745c                slCharNbg0
                0x06027468                slCharNbg1
                0x06027474                slCharNbg2
                0x0602748a                slCharNbg3
                0x060274a2                slPageRbg0
                0x060274b8                slPageNbg1
                0x060274c0                slPageNbg2
                0x060274c8                slPageNbg3
                0x060274d4                slPageNbg0
 *fill*         0x06027564        0xc 
 SLPROG         0x06027570       0xc4 ../../Compiler/COMMON/SGL_302j/LIB_ELF/LIBSGL.A(sglC03.o)
                0x06027570                slWindow
 *fill*         0x06027634        0xc 
 SLPROG         0x06027640       0x2c ../../Compiler/COMMON/SGL_302j/LIB_ELF/LIBSGL.A(sglC04.o)
                0x06027640                slZdspLevel
 *fill*         0x0602766c        0x4 
 SLPROG         0x06027670       0x78 ../../Compiler/COMMON/SGL_302j/LIB_ELF/LIBSGL.A(sglC05.o)
                0x06027670                slSetSprite
 *fill*         0x060276e8        0x8 
 SLPROG         0x060276f0       0xfa ../../Compiler/COMMON/SGL_302j/LIB_ELF/LIBSGL.A(sglC06.o)
                0x060276f0                slDispSprite
 *fill*         0x060277ea        0x6 
 SLPROG         0x060277f0      0x162 ../../Compiler/COMMON/SGL_302j/LIB_ELF/LIBSGL.A(sglC07.o)
                0x060277f6                slPutSprite
 *fill*         0x06027952        0xe 
 SLPROG         0x06027960     0x1218 ../../Compiler/COMMON/SGL_302j/LIB_ELF/LIBSGL.A(sglC08.o)
                0x06027960                slPutPolygon
                0x060285dc                MsCalcDepthFlat
 *fill*         0x06028b78        0x8 
 SLPROG         0x06028b80       0x8c ../../Compiler/COMMON/SGL_302j/LIB_ELF/LIBSGL.A(sglC14.o)
                0x06028b80                slCurWindow
 *fill*         0x06028c0c        0x4 
 SLPROG         0x06028c10       0x54 ../../Compiler/COMMON/SGL_302j/LIB_ELF/LIBSGL.A(sglC16.o)
                0x06028c10                slDynamicFrame
 *fill*         0x06028c64        0xc 
 SLPROG         0x06028c70       0x4c ../../Compiler/COMMON/SGL_302j/LIB_ELF/LIBSGL.A(sglC17.o)
                0x06028c70                slDispSpriteHV
 *fill*         0x06028cbc        0x4 
 SLPROG         0x06028cc0       0xd4 ../../Compiler/COMMON/SGL_302j/LIB_ELF/LIBSGL.A(sglC19.o)
                0x06028cc0                slDispSprite4P
 *fill*         0x06028d94        0xc 
 SLPROG         0x06028da0       0x40 ../../Compiler/COMMON/SGL_302j/LIB_ELF/LIBSGL.A(sglC20.o)
                0x06028da0                SpriteEntry
 SLPROG         0x06028de0      0x4ae ../../Compiler/COMMON/SGL_302j/LIB_ELF/LIBSGL.A(sglC21.o)
                0x06028e68                RotSprite
                0x06028ef6                SetSprPosition
 *fill*         0x0602928e        0x2 
 SLPROG         0x06029290       0x84 ../../Compiler/COMMON/SGL_302j/LIB_ELF/LIBSGL.A(sglD00.o)
                0x06029290                slCpuDMACopy
                0x06029290                slDMACopy
                0x060292ea                CSH_AllClr
                0x060292ea                slCashPurge
 *fill*         0x06029314        0xc 
 SLPROG         0x06029320       0xa0 ../../Compiler/COMMON/SGL_302j/LIB_ELF/LIBSGL.A(sglD01.o)
                0x06029320                slDMAXCopy
 SLPROG         0x060293c0        0xc ../../Compiler/COMMON/SGL_302j/LIB_ELF/LIBSGL.A(sglD03.o)
                0x060293c0                slDMAStatus
 *fill*         0x060293cc        0x4 
 SLPROG         0x060293d0       0x20 ../../Compiler/COMMON/SGL_302j/LIB_ELF/LIBSGL.A(sglD15.o)
                0x060293d0                CSH_Purge
 SLPROG         0x060293f0       0x84 ../../Compiler/COMMON/SGL_302j/LIB_ELF/LIBSGL.A(sglD16.o)
                0x060293f0                DMA_ScuSetPrm
                0x06029438                DMA_SCU_PRM0
 *fill*         0x06029474        0xc 
 SLPROG         0x06029480       0x88 ../../Compiler/COMMON/SGL_302j/LIB_ELF/LIBSGL.A(sglD17.o)
                0x06029480                DMA_ScuStart
 *fill*         0x06029508        0x8 
 SLPROG         0x06029510       0x34 ../../Compiler/COMMON/SGL_302j/LIB_ELF/LIBSGL.A(sglD18.o)
                0x06029510                DMA_ScuGetStatus
 *fill*         0x06029544        0xc 
 SLPROG         0x06029550       0x34 ../../Compiler/COMMON/SGL_302j/LIB_ELF/LIBSGL.A(sglF08.o)
                0x06029550                slDec2Hex
 *fill*         0x06029584        0xc 
 SLPROG         0x06029590      0x1d0 ../../Compiler/COMMON/SGL_302j/LIB_ELF/LIBSGL.A(sglG00.o)
                0x06029590                slInitSound
                0x06029694                slWaitSound
                0x060296ac                slSndFlush
 SLPROG         0x06029760       0x18 ../../Compiler/COMMON/SGL_302j/LIB_ELF/LIBSGL.A(sglG01.o)
                0x06029760                slSndVolume
 *fill*         0x06029778        0x8 
 SLPROG         0x06029780       0x4c ../../Compiler/COMMON/SGL_302j/LIB_ELF/LIBSGL.A(sglG19.o)
                0x06029780                slCDDAOn
 *fill*         0x060297cc        0x4 
 SLPROG         0x060297d0      0x1e0 ../../Compiler/COMMON/SGL_302j/LIB_ELF/LIBSGL.A(sglG21.o)
                0x060297d8                slPCMOn
                0x060298f6                slSndPCMNum
 SLPROG         0x060299b0       0x48 ../../Compiler/COMMON/SGL_302j/LIB_ELF/LIBSGL.A(sglG22.o)
                0x060299b0                slPCMOff
 *fill*         0x060299f8        0x8 
 SLPROG         0x06029a00       0x18 ../../Compiler/COMMON/SGL_302j/LIB_ELF/LIBSGL.A(sglG25.o)
                0x06029a00                slPCMStat
 *fill*         0x06029a18        0x8 
 SLPROG         0x06029a20      0xfc8 ../../Compiler/COMMON/SGL_302j/LIB_ELF/LIBSGL.A(sglH00.o)
                0x06029a38                slGetPortDir1
                0x06029a40                slGetPortDir2
                0x06029a48                slSetPortDir1
                0x06029a72                slSetPortDir2
                0x06029aac                slGetPortData1
                0x06029ab4                slGetPortData2
                0x06029abc                slSetPortData1
                0x06029ac6                slSetPortData2
                0x06029ad8                slGetPortSelect1
                0x06029ae2                slGetPortSelect2
                0x06029aec                slSetPortSelect1
                0x06029b20                slSetPortSelect2
                0x06029b5c                slGetPortExt1
                0x06029b66                slGetPortExt2
                0x06029b70                slSetPortExt1
                0x06029ba0                slSetPortExt2
                0x06029d14                slSmpcDirectAccess
                0x06029d94                slInitPeripheral
                0x06029e26                slSetResultBuffer
                0x06029eb2                slCheckIntBackSet
                0x06029ebe                slIntBackCancel
                0x06029ee8                slCheckReset
                0x06029ef2                slClearReset
                0x0602a0b8                slSmpcCashSend
                0x0602a174                slSmpcCashBlow
                0x0602a250                slGetOptimize
                0x0602a25a                slSetOptimize
                0x0602a280                slGetPortMode1
                0x0602a28c                slGetPortMode2
                0x0602a29a                slSetPortMode1
                0x0602a2d8                slSetPortMode2
                0x0602a464                slRequestCommand
                0x0602a4d4                Smpc_Status
                0x0602a4d8                Smpc_Result
                0x0602a4dc                Smpc_Peripheral
                0x0602a4e2                Per_Connect1
                0x0602a4e3                Per_Connect2
                0x0602a504                SmpcStatusBuf
 *fill*         0x0602a9e8        0x8 
 SLPROG         0x0602a9f0       0xa8 ../../Compiler/COMMON/SGL_302j/LIB_ELF/LIBSGL.A(sglH01.o)
                0x0602a9f0                slGetLanguage
                0x0602a9fa                slSetLanguage
                0x0602aa1c                slGetSoundEffect
                0x0602aa28                slSetSoundEffect
                0x0602aa44                slGetSoundOutput
                0x0602aa50                slSetSoundOutput
                0x0602aa6c                slGetHelpWindow
                0x0602aa78                slSetHelpWindow
 *fill*         0x0602aa98        0x8 
 SLPROG         0x0602aaa0      0x470 ../../Compiler/COMMON/SGL_302j/LIB_ELF/LIBSGL.A(sglH02.o)
                0x0602ae90                smpc_pfr_tbl
                0x0602aed0                smpc_ptf_tbl
 SLPROG         0x0602af10       0x60 ../../Compiler/COMMON/SGL_302j/LIB_ELF/LIBSGL.A(sglH04.o)
                0x0602af10                slComPrmIntBack
                0x0602af24                slComPrmSetMemory
                0x0602af3a                slComPrmSetTime
 SLPROG         0x0602af70      0x3a4 ../../Compiler/COMMON/SGL_302j/LIB_ELF/LIBSGL.A(sglI01.o)
                0x0602af70                slInitSynch
                0x0602af8a                slSynch
                0x0602b080                slRandom
                0x0602b09e                PCM_EndCheck
                0x0602b15a                RetPCMBuf
                0x0602b1f4                PCM_Buf
                0x0602b294                Sound_Buf
 *fill*         0x0602b314        0xc 
 SLPROG         0x0602b320       0x10 ../../Compiler/COMMON/SGL_302j/LIB_ELF/LIBSGL.A(sglI04.o)
                0x0602b320                slIntFunction
 SLPROG         0x0602b330       0x74 ../../Compiler/COMMON/SGL_302j/LIB_ELF/LIBSGL.A(sglJ00.o)
                0x0602b330                InitSlaveSH
                0x0602b398                SlaveCommand
 *fill*         0x0602b3a4        0xc 
 SLPROG         0x0602b3b0      0x3d0 ../../Compiler/COMMON/SGL_302j/LIB_ELF/LIBSGL.A(sglJ01.o)
                0x0602b3b0                SlaveControl
                0x0602b76c                ErasePolygonData
 SLPROG         0x0602b780     0x12b8 ../../Compiler/COMMON/SGL_302j/LIB_ELF/LIBSGL.A(sglJ02.o)
                0x0602b780                sbMakePolygon
                0x0602b968                sbCalcPolygon
                0x0602c6a0                SetTexture
                0x0602c6ac                SetPolygon
                0x0602c6b4                SetPosition
                0x0602c6ec                stvtc_4
                0x0602c7a4                stvtc_3
                0x0602c9b4                stvtc_1
                0x0602c9c8                stvtc_2
                0x0602c9dc                stvtc_0
 *fill*         0x0602ca38        0x8 
 SLPROG         0x0602ca40      0x140 ../../Compiler/COMMON/SGL_302j/LIB_ELF/LIBSGL.A(sglJ03.o)
                0x0602ca40                sbMakeDMATable
 SLPROG         0x0602cb80      0x470 ../../Compiler/COMMON/SGL_302j/LIB_ELF/LIBSGL.A(sglJ04.o)
                0x0602cbde                sbMakeSprite
                0x0602cc44                sbMakeRotSprite
 SLPROG         0x0602cff0       0x3c ../../Compiler/COMMON/SGL_302j/LIB_ELF/LIBSGL.A(sglJ05.o)
                0x0602cff0                sbSortEntry
 *fill*         0x0602d02c        0x4 
 SLPROG         0x0602d030      0x4b8 ../../Compiler/COMMON/SGL_302j/LIB_ELF/LIBSGL.A(sglM00.o)
                0x0602d030                slInitGouraud
                0x0602d124                slPutPolygonX
                0x0602d16a                slGouraudTblCopy
                0x0602d1c2                slSetGouraudTbl
                0x0602d1c8                slSetGouraudColor
                0x0602d240                slSetAmbient
                0x0602d264                slSetFlatColor
 *fill*         0x0602d4e8        0x8 
 SLPROG         0x0602d4f0       0x6a ../../Compiler/COMMON/SGL_302j/LIB_ELF/LIBSGL.A(sglM01.o)
                0x0602d4f0                slSetDepthLimit
                0x0602d51c                slSetDepthTbl
                0x0602d54c                DepthWorkArea
 *fill*         0x0602d55a        0x6 
 SLPROG         0x0602d560       0x20 ../../Compiler/COMMON/SGL_302j/LIB_ELF/LIBSGL.A(sglA00.o)
                0x0602d560                set_imask
                0x0602d560                _builtin_set_imask
                0x0602d574                _builtin_get_imask
                0x0602d574                get_imask
 SLPROG         0x0602d580     0x411e ../../Compiler/COMMON/SGL_302j/LIB_ELF/LIBSGL.A(sglA01.o)
                0x0602d580                slSin
                0x0602d5a4                slCos
                0x0602d5c8                GetSinCos
                0x0602d65c                sin_cos_index_tbl
                0x0602d69c                sin_tbl
 *fill*         0x0603169e        0x2 
 SLPROG         0x060316a0       0x34 ../../Compiler/COMMON/SGL_302j/LIB_ELF/LIBSGL.A(sglA10.o)
                0x060316a0                slSquartDbl
 *fill*         0x060316d4        0xc 
 SLPROG         0x060316e0      0x3c2 ../../Compiler/COMMON/SGL_302j/LIB_ELF/LIBSGL.A(sglA24.o)
                0x060316e0                slInversMatrix
 *fill*         0x06031aa2        0xe 
 SLPROG         0x06031ab0       0x24 ../../Compiler/COMMON/SGL_302j/LIB_ELF/LIBSGL.A(sglA25.o)
                0x06031ab0                slTransposeMatrix
 *fill*         0x06031ad4        0xc 
 SLPROG         0x06031ae0      0xbd0 ../../Compiler/COMMON/SGL_302j/LIB_ELF/LIBSGL.A(sglB000.o)
                0x06031ae0                slInitScroll
                0x06031c00                setASC_1to8
                0x06031c30                setASC_4to8
                0x06031d40                TVSizeTbl
                0x06031dc0                TVModeTbl
                0x06031f98                SGL_ASCII_CG
 SLPROG         0x060326b0      0x134 ../../Compiler/COMMON/SGL_302j/LIB_ELF/LIBSGL.A(sglC00.o)
                0x060326b0                slInitSprite
 *fill*         0x060327e4        0xc 
 SLPROG         0x060327f0       0xac ../../Compiler/COMMON/SGL_302j/LIB_ELF/LIBSGL.A(sglC13.o)
                0x060327f0                slPutPolygonS
 *fill*         0x0603289c        0x4 
 SLPROG         0x060328a0       0x10 ../../Compiler/COMMON/SGL_302j/LIB_ELF/LIBSGL.A(sglD02.o)
                0x060328a0                slDMAWait
 SLPROG         0x060328b0       0xc0 ../../Compiler/COMMON/SGL_302j/LIB_ELF/LIBSGL.A(sglD19.o)
                0x060328b0                DMA_ScuMemCopy
 SLPROG         0x06032970      0x75c ../../Compiler/COMMON/SGL_302j/LIB_ELF/LIBSGL.A(sglI00.o)
                0x06032c60                slInitInterrupt
 *fill*         0x060330cc        0x4 
 SLPROG         0x060330d0       0xf0 ../../Compiler/COMMON/SGL_302j/LIB_ELF/LIBSGL.A(sglH03.o)
                0x06033134                slSmpcIntBack
                0x060331c0                __slprog_end = .

.tors           0x060331c0        0x0
                0x060331c0                ___ctors = .
 *(.ctors)
                0x060331c0                ___ctors_end = .
                0x060331c0                ___dtors = .
 *(.dtors)
                0x060331c0                ___dtors_end = .

.data           0x060331c0    0x12320
 *(.data)
 .data          0x060331c0        0x0 ../../Compiler/COMMON/SGL_302j/LIB_ELF/SGLAREA.O
 .data          0x060331c0     0xb5e0 main.o
                0x060331c0                object_scale
                0x060331c4                gridsize
                0x060331c8                wmax_gravity
                0x060331cc                max_gravity
                0x060331d0                wgravity
                0x060331d4                gravity
                0x060331d8                cam_number
                0x060331da                cam_pos_z
                0x060331dc                cam_pos_y
                0x060331de                enableRTG
                0x060331e0                enemy_data
                0x060331f0                pup_data
                0x0603320c                map_data_lp
                0x06033210                map_data
                0x06033214                PD_ZERO
                0x06033228                xpdata_pup_fish
                0x06033240                normal_pup_fish
                0x060332dc                attribute_pup_fish
                0x0603336c                polygon_pup_fish
                0x0603345c                point_pup_fish
                0x060334f8                xpdata_pup_frog
                0x06033510                normal_pup_frog
                0x060335d0                attribute_pup_frog
                0x06033678                polygon_pup_frog
                0x06033790                point_pup_frog
                0x06033850                xpdata_pup_bat
                0x06033868                normal_pup_bat
                0x06033928                attribute_pup_bat
                0x060339d0                polygon_pup_bat
                0x06033ae8                point_pup_bat
                0x06033ba8                xpdata_pup_spider
                0x06033bc0                normal_pup_spider
                0x06033c80                attribute_pup_spider
                0x06033d28                polygon_pup_spider
                0x06033e40                point_pup_spider
                0x06033f00                xpdata_goal
                0x06033f18                normal_goal
                0x06033ffc                attribute_goal
                0x060340d4                polygon_goal
                0x0603423c                point_goal
                0x06034320                xpdata_pup_gem
                0x06034338                normal_pup_gem
                0x060343bc                attribute_pup_gem
                0x0603444c                polygon_pup_gem
                0x0603453c                point_pup_gem
                0x060345c0                xpdata_pup_heart
                0x060345d8                normal_pup_heart
                0x060346b0                attribute_pup_heart
                0x06034770                polygon_pup_heart
                0x060348b0                point_pup_heart
                0x06034988                xpdata_ham_dfin
                0x060349a0                normal_ham_dfin
                0x060349d0                attribute_ham_dfin
                0x060349dc                polygon_ham_dfin
                0x060349f0                point_ham_dfin
                0x06034a20                xpdata_ham_tfin
                0x06034a38                normal_ham_tfin
                0x06034aa4                attribute_ham_tfin
                0x06034b04                polygon_ham_tfin
                0x06034ba4                point_ham_tfin
                0x06034c10                xpdata_fish_dfin
                0x06034c28                normal_fish_dfin
                0x06034c58                attribute_fish_dfin
                0x06034c64                polygon_fish_dfin
                0x06034c78                point_fish_dfin
                0x06034ca8                xpdata_fish_tfin
                0x06034cc0                normal_fish_tfin
                0x06034d2c                attribute_fish_tfin
                0x06034d8c                polygon_fish_tfin
                0x06034e2c                point_fish_tfin
                0x06034e98                xpdata_fish_body
                0x06034eb0                normal_fish_body
                0x060350e4                attribute_fish_body
                0x0603536c                polygon_fish_body
                0x060357a4                point_fish_body
                0x060359d8                xpdata_frog_RLeg2
                0x060359f0                normalfrog_RLeg2
                0x06035a38                attributefrog_RLeg2
                0x06035a68                polygonfrog_RLeg2
                0x06035ab8                pointfrog_RLeg2
                0x06035b00                xpdata_frog_RLeg1
                0x06035b18                normal_frog_RLeg1
                0x06035b60                attribute_frog_RLeg1
                0x06035b90                polygon_frog_RLeg1
                0x06035be0                point_frog_RLeg1
                0x06035c28                xpdata_frog_Leg3
                0x06035c40                normal_frog_Leg3
                0x06035c88                attribute_frog_Leg3
                0x06035cc4                polygon_frog_Leg3
                0x06035d28                point_frog_Leg3
                0x06035d70                xpdata_frog_LLeg2
                0x06035d88                normal_frog_LLeg2
                0x06035dd0                attribute_frog_LLeg2
                0x06035e00                polygon_frog_LLeg2
                0x06035e50                point_frog_LLeg2
                0x06035e98                xpdata_frog_LLeg1